[     340ms] [ERROR] Failed to load resource: the server responded with a status of 404 () @ https://burny143.github.io/favicon.ico:0
[     589ms] [ERROR] Failed to load resource: the server responded with a status of 400 () @ https://ymnlqggxeeyqvrojsrzh.supabase.co/rest/v1/crypto_data?select=symbol%2Ccurrent_price&order=fetched_at.desc:0
[     897ms] [WARNING] crypto_data query: {code: 42703, details: null, hint: null, message: column crypto_data.fetched_at does not exist} @ https://burny143.github.io/crypto-etl/research.html:793
[     990ms] [ERROR] Failed to load resource: the server responded with a status of 400 () @ https://ymnlqggxeeyqvrojsrzh.supabase.co/rest/v1/crypto_historical?select=close%2Ctimestamp&symbol=eq.APT-USD&timeframe=eq.1d&order=timestamp.desc&limit=370:0
[     990ms] [ERROR] Failed to load resource: the server responded with a status of 400 () @ https://ymnlqggxeeyqvrojsrzh.supabase.co/rest/v1/crypto_historical?select=close%2Ctimestamp&symbol=eq.ADA-USD&timeframe=eq.1d&order=timestamp.desc&limit=370:0
[     994ms] [ERROR] Failed to load resource: the server responded with a status of 400 () @ https://ymnlqggxeeyqvrojsrzh.supabase.co/rest/v1/crypto_historical?select=close%2Ctimestamp&symbol=eq.ATOM-USD&timeframe=eq.1d&order=timestamp.desc&limit=370:0
[     998ms] [ERROR] Failed to load resource: the server responded with a status of 400 () @ https://ymnlqggxeeyqvrojsrzh.supabase.co/rest/v1/crypto_historical?select=close%2Ctimestamp&symbol=eq.AVAX-USD&timeframe=eq.1d&order=timestamp.desc&limit=370:0
[    1034ms] [ERROR] Failed to load resource: the server responded with a status of 400 () @ https://ymnlqggxeeyqvrojsrzh.supabase.co/rest/v1/crypto_historical?select=close%2Ctimestamp&symbol=eq.ARB-USD&timeframe=eq.1d&order=timestamp.desc&limit=370:0
[    1037ms] [ERROR] Failed to load resource: the server responded with a status of 400 () @ https://ymnlqggxeeyqvrojsrzh.supabase.co/rest/v1/crypto_historical?select=close%2Ctimestamp&symbol=eq.BCH-USD&timeframe=eq.1d&order=timestamp.desc&limit=370:0
[    1051ms] [ERROR] Failed to load resource: the server responded with a status of 400 () @ https://ymnlqggxeeyqvrojsrzh.supabase.co/rest/v1/crypto_historical?select=close%2Ctimestamp&symbol=eq.ADA-USDT&timeframe=eq.1d&order=timestamp.desc&limit=370:0
[    1053ms] [ERROR] Failed to load resource: the server responded with a status of 400 () @ https://ymnlqggxeeyqvrojsrzh.supabase.co/rest/v1/crypto_historical?select=close%2Ctimestamp&symbol=eq.APT-USDT&timeframe=eq.1d&order=timestamp.desc&limit=370:0
[    1060ms] [ERROR] Failed to load resource: the server responded with a status of 400 () @ https://ymnlqggxeeyqvrojsrzh.supabase.co/rest/v1/crypto_historical?select=close%2Ctimestamp&symbol=eq.ATOM-USDT&timeframe=eq.1d&order=timestamp.desc&limit=370:0
[    1065ms] [ERROR] Failed to load resource: the server responded with a status of 400 () @ https://ymnlqggxeeyqvrojsrzh.supabase.co/rest/v1/crypto_historical?select=close%2Ctimestamp&symbol=eq.AVAX-USDT&timeframe=eq.1d&order=timestamp.desc&limit=370:0
[    1095ms] [ERROR] Failed to load resource: the server responded with a status of 400 () @ https://ymnlqggxeeyqvrojsrzh.supabase.co/rest/v1/crypto_historical?select=close%2Ctimestamp&symbol=eq.ARB-USDT&timeframe=eq.1d&order=timestamp.desc&limit=370:0
[    1113ms] [ERROR] Failed to load resource: the server responded with a status of 400 () @ https://ymnlqggxeeyqvrojsrzh.supabase.co/rest/v1/crypto_historical?select=close%2Ctimestamp&symbol=eq.APT-USD&timeframe=eq.1h&order=timestamp.desc&limit=720:0
[    1120ms] [ERROR] Failed to load resource: the server responded with a status of 400 () @ https://ymnlqggxeeyqvrojsrzh.supabase.co/rest/v1/crypto_historical?select=close%2Ctimestamp&symbol=eq.ATOM-USD&timeframe=eq.1h&order=timestamp.desc&limit=720:0
[    1124ms] [ERROR] Failed to load resource: the server responded with a status of 400 () @ https://ymnlqggxeeyqvrojsrzh.supabase.co/rest/v1/crypto_historical?select=close%2Ctimestamp&symbol=eq.AVAX-USD&timeframe=eq.1h&order=timestamp.desc&limit=720:0
[    1139ms] [ERROR] Failed to load resource: the server responded with a status of 400 () @ https://ymnlqggxeeyqvrojsrzh.supabase.co/rest/v1/crypto_historical?select=close%2Ctimestamp&symbol=eq.BCH-USDT&timeframe=eq.1d&order=timestamp.desc&limit=370:0
[    1153ms] [ERROR] Failed to load resource: the server responded with a status of 400 () @ https://ymnlqggxeeyqvrojsrzh.supabase.co/rest/v1/crypto_historical?select=close%2Ctimestamp&symbol=eq.ADA-USD&timeframe=eq.1h&order=timestamp.desc&limit=720:0
[    1159ms] [ERROR] Failed to load resource: the server responded with a status of 400 () @ https://ymnlqggxeeyqvrojsrzh.supabase.co/rest/v1/crypto_historical?select=close%2Ctimestamp&symbol=eq.ARB-USD&timeframe=eq.1h&order=timestamp.desc&limit=720:0
[    1175ms] [ERROR] Failed to load resource: the server responded with a status of 400 () @ https://ymnlqggxeeyqvrojsrzh.supabase.co/rest/v1/crypto_historical?select=close%2Ctimestamp&symbol=eq.APT-USDT&timeframe=eq.1h&order=timestamp.desc&limit=720:0
[    1179ms] [ERROR] Failed to load resource: the server responded with a status of 400 () @ https://ymnlqggxeeyqvrojsrzh.supabase.co/rest/v1/crypto_historical?select=close%2Ctimestamp&symbol=eq.ATOM-USDT&timeframe=eq.1h&order=timestamp.desc&limit=720:0
[    1185ms] [ERROR] Failed to load resource: the server responded with a status of 400 () @ https://ymnlqggxeeyqvrojsrzh.supabase.co/rest/v1/crypto_historical?select=close%2Ctimestamp&symbol=eq.AVAX-USDT&timeframe=eq.1h&order=timestamp.desc&limit=720:0
[    1206ms] [ERROR] Failed to load resource: the server responded with a status of 400 () @ https://ymnlqggxeeyqvrojsrzh.supabase.co/rest/v1/crypto_historical?select=close%2Ctimestamp&symbol=eq.BCH-USD&timeframe=eq.1h&order=timestamp.desc&limit=720:0
[    1242ms] [ERROR] Failed to load resource: the server responded with a status of 400 () @ https://ymnlqggxeeyqvrojsrzh.supabase.co/rest/v1/crypto_historical?select=close%2Ctimestamp&symbol=eq.APT-USD&timeframe=eq.4h&order=timestamp.desc&limit=180:0
[    1244ms] [ERROR] Failed to load resource: the server responded with a status of 400 () @ https://ymnlqggxeeyqvrojsrzh.supabase.co/rest/v1/crypto_historical?select=close%2Ctimestamp&symbol=eq.ATOM-USD&timeframe=eq.4h&order=timestamp.desc&limit=180:0
[    1251ms] [ERROR] Failed to load resource: the server responded with a status of 400 () @ https://ymnlqggxeeyqvrojsrzh.supabase.co/rest/v1/crypto_historical?select=close%2Ctimestamp&symbol=eq.AVAX-USD&timeframe=eq.4h&order=timestamp.desc&limit=180:0
[    1255ms] [ERROR] Failed to load resource: the server responded with a status of 400 () @ https://ymnlqggxeeyqvrojsrzh.supabase.co/rest/v1/crypto_historical?select=close%2Ctimestamp&symbol=eq.ADA-USDT&timeframe=eq.1h&order=timestamp.desc&limit=720:0
[    1259ms] [ERROR] Failed to load resource: the server responded with a status of 400 () @ https://ymnlqggxeeyqvrojsrzh.supabase.co/rest/v1/crypto_historical?select=close%2Ctimestamp&symbol=eq.ARB-USDT&timeframe=eq.1h&order=timestamp.desc&limit=720:0
[    1266ms] [ERROR] Failed to load resource: the server responded with a status of 400 () @ https://ymnlqggxeeyqvrojsrzh.supabase.co/rest/v1/crypto_historical?select=close%2Ctimestamp&symbol=eq.BCH-USDT&timeframe=eq.1h&order=timestamp.desc&limit=720:0
[    1301ms] [ERROR] Failed to load resource: the server responded with a status of 400 () @ https://ymnlqggxeeyqvrojsrzh.supabase.co/rest/v1/crypto_historical?select=close%2Ctimestamp&symbol=eq.APT-USDT&timeframe=eq.4h&order=timestamp.desc&limit=180:0
[    1307ms] [ERROR] Failed to load resource: the server responded with a status of 400 () @ https://ymnlqggxeeyqvrojsrzh.supabase.co/rest/v1/crypto_historical?select=close%2Ctimestamp&symbol=eq.ATOM-USDT&timeframe=eq.4h&order=timestamp.desc&limit=180:0
[    1312ms] [ERROR] Failed to load resource: the server responded with a status of 400 () @ https://ymnlqggxeeyqvrojsrzh.supabase.co/rest/v1/crypto_historical?select=close%2Ctimestamp&symbol=eq.AVAX-USDT&timeframe=eq.4h&order=timestamp.desc&limit=180:0
[    1314ms] [ERROR] Failed to load resource: the server responded with a status of 400 () @ https://ymnlqggxeeyqvrojsrzh.supabase.co/rest/v1/crypto_historical?select=close%2Ctimestamp&symbol=eq.ADA-USD&timeframe=eq.4h&order=timestamp.desc&limit=180:0
[    1360ms] [ERROR] Failed to load resource: the server responded with a status of 400 () @ https://ymnlqggxeeyqvrojsrzh.supabase.co/rest/v1/crypto_historical?select=close%2Ctimestamp&symbol=eq.ARB-USD&timeframe=eq.4h&order=timestamp.desc&limit=180:0
[    1374ms] [ERROR] Failed to load resource: the server responded with a status of 400 () @ https://ymnlqggxeeyqvrojsrzh.supabase.co/rest/v1/crypto_historical?select=close%2Ctimestamp&symbol=eq.ADA-USDT&timeframe=eq.4h&order=timestamp.desc&limit=180:0
[    1376ms] [ERROR] Failed to load resource: the server responded with a status of 400 () @ https://ymnlqggxeeyqvrojsrzh.supabase.co/rest/v1/crypto_historical?select=close%2Ctimestamp&symbol=eq.BCH-USD&timeframe=eq.4h&order=timestamp.desc&limit=180:0
[    1416ms] [ERROR] Failed to load resource: the server responded with a status of 400 () @ https://ymnlqggxeeyqvrojsrzh.supabase.co/rest/v1/crypto_historical?select=close%2Ctimestamp&symbol=eq.ARB-USDT&timeframe=eq.4h&order=timestamp.desc&limit=180:0
[    1436ms] [ERROR] Failed to load resource: the server responded with a status of 400 () @ https://ymnlqggxeeyqvrojsrzh.supabase.co/rest/v1/crypto_historical?select=close%2Ctimestamp&symbol=eq.BCH-USDT&timeframe=eq.4h&order=timestamp.desc&limit=180:0
[    1498ms] [ERROR] Failed to load resource: the server responded with a status of 400 () @ https://ymnlqggxeeyqvrojsrzh.supabase.co/rest/v1/crypto_historical?select=close%2Ctimestamp&symbol=eq.ETC-USD&timeframe=eq.1d&order=timestamp.desc&limit=370:0
[    1499ms] [ERROR] Failed to load resource: the server responded with a status of 400 () @ https://ymnlqggxeeyqvrojsrzh.supabase.co/rest/v1/crypto_historical?select=close%2Ctimestamp&symbol=eq.BTC-USD&timeframe=eq.1d&order=timestamp.desc&limit=370:0
[    1514ms] [ERROR] Failed to load resource: the server responded with a status of 400 () @ https://ymnlqggxeeyqvrojsrzh.supabase.co/rest/v1/crypto_historical?select=close%2Ctimestamp&symbol=eq.DOGE-USD&timeframe=eq.1d&order=timestamp.desc&limit=370:0
[    1514ms] [ERROR] Failed to load resource: the server responded with a status of 400 () @ https://ymnlqggxeeyqvrojsrzh.supabase.co/rest/v1/crypto_historical?select=close%2Ctimestamp&symbol=eq.ETH-USD&timeframe=eq.1d&order=timestamp.desc&limit=370:0
[    1547ms] [ERROR] Failed to load resource: the server responded with a status of 400 () @ https://ymnlqggxeeyqvrojsrzh.supabase.co/rest/v1/crypto_historical?select=close%2Ctimestamp&symbol=eq.DOT-USD&timeframe=eq.1d&order=timestamp.desc&limit=370:0
[    1550ms] [ERROR] Failed to load resource: the server responded with a status of 400 () @ https://ymnlqggxeeyqvrojsrzh.supabase.co/rest/v1/crypto_historical?select=close%2Ctimestamp&symbol=eq.BNB-USD&timeframe=eq.1d&order=timestamp.desc&limit=370:0
[    1560ms] [ERROR] Failed to load resource: the server responded with a status of 400 () @ https://ymnlqggxeeyqvrojsrzh.supabase.co/rest/v1/crypto_historical?select=close%2Ctimestamp&symbol=eq.ETC-USDT&timeframe=eq.1d&order=timestamp.desc&limit=370:0
[    1565ms] [ERROR] Failed to load resource: the server responded with a status of 400 () @ https://ymnlqggxeeyqvrojsrzh.supabase.co/rest/v1/crypto_historical?select=close%2Ctimestamp&symbol=eq.BTC-USDT&timeframe=eq.1d&order=timestamp.desc&limit=370:0
[    1580ms] [ERROR] Failed to load resource: the server responded with a status of 400 () @ https://ymnlqggxeeyqvrojsrzh.supabase.co/rest/v1/crypto_historical?select=close%2Ctimestamp&symbol=eq.DOGE-USDT&timeframe=eq.1d&order=timestamp.desc&limit=370:0
[    1584ms] [ERROR] Failed to load resource: the server responded with a status of 400 () @ https://ymnlqggxeeyqvrojsrzh.supabase.co/rest/v1/crypto_historical?select=close%2Ctimestamp&symbol=eq.ETH-USDT&timeframe=eq.1d&order=timestamp.desc&limit=370:0
[    1609ms] [ERROR] Failed to load resource: the server responded with a status of 400 () @ https://ymnlqggxeeyqvrojsrzh.supabase.co/rest/v1/crypto_historical?select=close%2Ctimestamp&symbol=eq.DOT-USDT&timeframe=eq.1d&order=timestamp.desc&limit=370:0
[    1629ms] [ERROR] Failed to load resource: the server responded with a status of 400 () @ https://ymnlqggxeeyqvrojsrzh.supabase.co/rest/v1/crypto_historical?select=close%2Ctimestamp&symbol=eq.BTC-USD&timeframe=eq.1h&order=timestamp.desc&limit=720:0
[    1647ms] [ERROR] Failed to load resource: the server responded with a status of 400 () @ https://ymnlqggxeeyqvrojsrzh.supabase.co/rest/v1/crypto_historical?select=close%2Ctimestamp&symbol=eq.DOGE-USD&timeframe=eq.1h&order=timestamp.desc&limit=720:0
[    1648ms] [ERROR] Failed to load resource: the server responded with a status of 400 () @ https://ymnlqggxeeyqvrojsrzh.supabase.co/rest/v1/crypto_historical?select=close%2Ctimestamp&symbol=eq.ETH-USD&timeframe=eq.1h&order=timestamp.desc&limit=720:0
[    1658ms] [ERROR] Failed to load resource: the server responded with a status of 400 () @ https://ymnlqggxeeyqvrojsrzh.supabase.co/rest/v1/crypto_historical?select=close%2Ctimestamp&symbol=eq.BNB-USDT&timeframe=eq.1d&order=timestamp.desc&limit=370:0
[    1668ms] [ERROR] Failed to load resource: the server responded with a status of 400 () @ https://ymnlqggxeeyqvrojsrzh.supabase.co/rest/v1/crypto_historical?select=close%2Ctimestamp&symbol=eq.DOT-USD&timeframe=eq.1h&order=timestamp.desc&limit=720:0
[    1670ms] [ERROR] Failed to load resource: the server responded with a status of 400 () @ https://ymnlqggxeeyqvrojsrzh.supabase.co/rest/v1/crypto_historical?select=close%2Ctimestamp&symbol=eq.ETC-USD&timeframe=eq.1h&order=timestamp.desc&limit=720:0
[    1692ms] [ERROR] Failed to load resource: the server responded with a status of 400 () @ https://ymnlqggxeeyqvrojsrzh.supabase.co/rest/v1/crypto_historical?select=close%2Ctimestamp&symbol=eq.BTC-USDT&timeframe=eq.1h&order=timestamp.desc&limit=720:0
[    1705ms] [ERROR] Failed to load resource: the server responded with a status of 400 () @ https://ymnlqggxeeyqvrojsrzh.supabase.co/rest/v1/crypto_historical?select=close%2Ctimestamp&symbol=eq.DOGE-USDT&timeframe=eq.1h&order=timestamp.desc&limit=720:0
[    1709ms] [ERROR] Failed to load resource: the server responded with a status of 400 () @ https://ymnlqggxeeyqvrojsrzh.supabase.co/rest/v1/crypto_historical?select=close%2Ctimestamp&symbol=eq.ETH-USDT&timeframe=eq.1h&order=timestamp.desc&limit=720:0
[    1727ms] [ERROR] Failed to load resource: the server responded with a status of 400 () @ https://ymnlqggxeeyqvrojsrzh.supabase.co/rest/v1/crypto_historical?select=close%2Ctimestamp&symbol=eq.BNB-USD&timeframe=eq.1h&order=timestamp.desc&limit=720:0
[    1736ms] [ERROR] Failed to load resource: the server responded with a status of 400 () @ https://ymnlqggxeeyqvrojsrzh.supabase.co/rest/v1/crypto_historical?select=close%2Ctimestamp&symbol=eq.ETC-USDT&timeframe=eq.1h&order=timestamp.desc&limit=720:0
[    1770ms] [ERROR] Failed to load resource: the server responded with a status of 400 () @ https://ymnlqggxeeyqvrojsrzh.supabase.co/rest/v1/crypto_historical?select=close%2Ctimestamp&symbol=eq.DOGE-USD&timeframe=eq.4h&order=timestamp.desc&limit=180:0
[    1770ms] [ERROR] Failed to load resource: the server responded with a status of 400 () @ https://ymnlqggxeeyqvrojsrzh.supabase.co/rest/v1/crypto_historical?select=close%2Ctimestamp&symbol=eq.ETH-USD&timeframe=eq.4h&order=timestamp.desc&limit=180:0
[    1770ms] [ERROR] Failed to load resource: the server responded with a status of 400 () @ https://ymnlqggxeeyqvrojsrzh.supabase.co/rest/v1/crypto_historical?select=close%2Ctimestamp&symbol=eq.DOT-USDT&timeframe=eq.1h&order=timestamp.desc&limit=720:0
[    1796ms] [ERROR] Failed to load resource: the server responded with a status of 400 () @ https://ymnlqggxeeyqvrojsrzh.supabase.co/rest/v1/crypto_historical?select=close%2Ctimestamp&symbol=eq.BNB-USDT&timeframe=eq.1h&order=timestamp.desc&limit=720:0
[    1797ms] [ERROR] Failed to load resource: the server responded with a status of 400 () @ https://ymnlqggxeeyqvrojsrzh.supabase.co/rest/v1/crypto_historical?select=close%2Ctimestamp&symbol=eq.BTC-USD&timeframe=eq.4h&order=timestamp.desc&limit=180:0
[    1800ms] [ERROR] Failed to load resource: the server responded with a status of 400 () @ https://ymnlqggxeeyqvrojsrzh.supabase.co/rest/v1/crypto_historical?select=close%2Ctimestamp&symbol=eq.ETC-USD&timeframe=eq.4h&order=timestamp.desc&limit=180:0
[    1836ms] [ERROR] Failed to load resource: the server responded with a status of 400 () @ https://ymnlqggxeeyqvrojsrzh.supabase.co/rest/v1/crypto_historical?select=close%2Ctimestamp&symbol=eq.ETH-USDT&timeframe=eq.4h&order=timestamp.desc&limit=180:0
[    1838ms] [ERROR] Failed to load resource: the server responded with a status of 400 () @ https://ymnlqggxeeyqvrojsrzh.supabase.co/rest/v1/crypto_historical?select=close%2Ctimestamp&symbol=eq.DOGE-USDT&timeframe=eq.4h&order=timestamp.desc&limit=180:0
[    1838ms] [ERROR] Failed to load resource: the server responded with a status of 400 () @ https://ymnlqggxeeyqvrojsrzh.supabase.co/rest/v1/crypto_historical?select=close%2Ctimestamp&symbol=eq.DOT-USD&timeframe=eq.4h&order=timestamp.desc&limit=180:0
[    1860ms] [ERROR] Failed to load resource: the server responded with a status of 400 () @ https://ymnlqggxeeyqvrojsrzh.supabase.co/rest/v1/crypto_historical?select=close%2Ctimestamp&symbol=eq.BTC-USDT&timeframe=eq.4h&order=timestamp.desc&limit=180:0
[    1899ms] [ERROR] Failed to load resource: the server responded with a status of 400 () @ https://ymnlqggxeeyqvrojsrzh.supabase.co/rest/v1/crypto_historical?select=close%2Ctimestamp&symbol=eq.DOT-USDT&timeframe=eq.4h&order=timestamp.desc&limit=180:0
[    1900ms] [ERROR] Failed to load resource: the server responded with a status of 400 () @ https://ymnlqggxeeyqvrojsrzh.supabase.co/rest/v1/crypto_historical?select=close%2Ctimestamp&symbol=eq.BNB-USD&timeframe=eq.4h&order=timestamp.desc&limit=180:0
[    1901ms] [ERROR] Failed to load resource: the server responded with a status of 400 () @ https://ymnlqggxeeyqvrojsrzh.supabase.co/rest/v1/crypto_historical?select=close%2Ctimestamp&symbol=eq.ETC-USDT&timeframe=eq.4h&order=timestamp.desc&limit=180:0
[    1957ms] [ERROR] Failed to load resource: the server responded with a status of 400 () @ https://ymnlqggxeeyqvrojsrzh.supabase.co/rest/v1/crypto_historical?select=close%2Ctimestamp&symbol=eq.BNB-USDT&timeframe=eq.4h&order=timestamp.desc&limit=180:0
[    2016ms] [ERROR] Failed to load resource: the server responded with a status of 400 () @ https://ymnlqggxeeyqvrojsrzh.supabase.co/rest/v1/crypto_historical?select=close%2Ctimestamp&symbol=eq.INJ-USD&timeframe=eq.1d&order=timestamp.desc&limit=370:0
[    2018ms] [ERROR] Failed to load resource: the server responded with a status of 400 () @ https://ymnlqggxeeyqvrojsrzh.supabase.co/rest/v1/crypto_historical?select=close%2Ctimestamp&symbol=eq.FIL-USD&timeframe=eq.1d&order=timestamp.desc&limit=370:0
[    2026ms] [ERROR] Failed to load resource: the server responded with a status of 400 () @ https://ymnlqggxeeyqvrojsrzh.supabase.co/rest/v1/crypto_historical?select=close%2Ctimestamp&symbol=eq.LTC-USD&timeframe=eq.1d&order=timestamp.desc&limit=370:0
[    2032ms] [ERROR] Failed to load resource: the server responded with a status of 400 () @ https://ymnlqggxeeyqvrojsrzh.supabase.co/rest/v1/crypto_historical?select=close%2Ctimestamp&symbol=eq.LTC-USDT&timeframe=eq.1d&order=timestamp.desc&limit=370:0
[    2070ms] [ERROR] Failed to load resource: the server responded with a status of 400 () @ https://ymnlqggxeeyqvrojsrzh.supabase.co/rest/v1/crypto_historical?select=close%2Ctimestamp&symbol=eq.LINK-USD&timeframe=eq.1d&order=timestamp.desc&limit=370:0
[    2073ms] [ERROR] Failed to load resource: the server responded with a status of 400 () @ https://ymnlqggxeeyqvrojsrzh.supabase.co/rest/v1/crypto_historical?select=close%2Ctimestamp&symbol=eq.NEAR-USD&timeframe=eq.1d&order=timestamp.desc&limit=370:0
[    2076ms] [ERROR] Failed to load resource: the server responded with a status of 400 () @ https://ymnlqggxeeyqvrojsrzh.supabase.co/rest/v1/crypto_historical?select=close%2Ctimestamp&symbol=eq.INJ-USDT&timeframe=eq.1d&order=timestamp.desc&limit=370:0
[    2077ms] [ERROR] Failed to load resource: the server responded with a status of 400 () @ https://ymnlqggxeeyqvrojsrzh.supabase.co/rest/v1/crypto_historical?select=close%2Ctimestamp&symbol=eq.FIL-USDT&timeframe=eq.1d&order=timestamp.desc&limit=370:0
[    2090ms] [ERROR] Failed to load resource: the server responded with a status of 400 () @ https://ymnlqggxeeyqvrojsrzh.supabase.co/rest/v1/crypto_historical?select=close%2Ctimestamp&symbol=eq.LTC-USDT&timeframe=eq.1d&order=timestamp.desc&limit=370:0
[    2095ms] [ERROR] Failed to load resource: the server responded with a status of 400 () @ https://ymnlqggxeeyqvrojsrzh.supabase.co/rest/v1/crypto_historical?select=close%2Ctimestamp&symbol=eq.LTC-USDT&timeframe=eq.1h&order=timestamp.desc&limit=720:0
[    2136ms] [ERROR] Failed to load resource: the server responded with a status of 400 () @ https://ymnlqggxeeyqvrojsrzh.supabase.co/rest/v1/crypto_historical?select=close%2Ctimestamp&symbol=eq.LINK-USDT&timeframe=eq.1d&order=timestamp.desc&limit=370:0
[    2139ms] [ERROR] Failed to load resource: the server responded with a status of 400 () @ https://ymnlqggxeeyqvrojsrzh.supabase.co/rest/v1/crypto_historical?select=close%2Ctimestamp&symbol=eq.FIL-USD&timeframe=eq.1h&order=timestamp.desc&limit=720:0
[    2149ms] [ERROR] Failed to load resource: the server responded with a status of 400 () @ https://ymnlqggxeeyqvrojsrzh.supabase.co/rest/v1/crypto_historical?select=close%2Ctimestamp&symbol=eq.LTC-USD&timeframe=eq.1h&order=timestamp.desc&limit=720:0
[    2152ms] [ERROR] Failed to load resource: the server responded with a status of 400 () @ https://ymnlqggxeeyqvrojsrzh.supabase.co/rest/v1/crypto_historical?select=close%2Ctimestamp&symbol=eq.LTC-USDT&timeframe=eq.4h&order=timestamp.desc&limit=180:0
[    2180ms] [ERROR] Failed to load resource: the server responded with a status of 400 () @ https://ymnlqggxeeyqvrojsrzh.supabase.co/rest/v1/crypto_historical?select=close%2Ctimestamp&symbol=eq.NEAR-USDT&timeframe=eq.1d&order=timestamp.desc&limit=370:0
[    2181ms] [ERROR] Failed to load resource: the server responded with a status of 400 () @ https://ymnlqggxeeyqvrojsrzh.supabase.co/rest/v1/crypto_historical?select=close%2Ctimestamp&symbol=eq.INJ-USD&timeframe=eq.1h&order=timestamp.desc&limit=720:0
[    2196ms] [ERROR] Failed to load resource: the server responded with a status of 400 () @ https://ymnlqggxeeyqvrojsrzh.supabase.co/rest/v1/crypto_historical?select=close%2Ctimestamp&symbol=eq.LINK-USD&timeframe=eq.1h&order=timestamp.desc&limit=720:0
[    2199ms] [ERROR] Failed to load resource: the server responded with a status of 400 () @ https://ymnlqggxeeyqvrojsrzh.supabase.co/rest/v1/crypto_historical?select=close%2Ctimestamp&symbol=eq.FIL-USDT&timeframe=eq.1h&order=timestamp.desc&limit=720:0
[    2201ms] [ERROR] Failed to load resource: the server responded with a status of 400 () @ https://ymnlqggxeeyqvrojsrzh.supabase.co/rest/v1/crypto_historical?select=close%2Ctimestamp&symbol=eq.LTC-USDT&timeframe=eq.1h&order=timestamp.desc&limit=720:0
[    2242ms] [ERROR] Failed to load resource: the server responded with a status of 400 () @ https://ymnlqggxeeyqvrojsrzh.supabase.co/rest/v1/crypto_historical?select=close%2Ctimestamp&symbol=eq.NEAR-USD&timeframe=eq.1h&order=timestamp.desc&limit=720:0
[    2244ms] [ERROR] Failed to load resource: the server responded with a status of 400 () @ https://ymnlqggxeeyqvrojsrzh.supabase.co/rest/v1/crypto_historical?select=close%2Ctimestamp&symbol=eq.INJ-USDT&timeframe=eq.1h&order=timestamp.desc&limit=720:0
[    2258ms] [ERROR] Failed to load resource: the server responded with a status of 400 () @ https://ymnlqggxeeyqvrojsrzh.supabase.co/rest/v1/crypto_historical?select=close%2Ctimestamp&symbol=eq.LTC-USD&timeframe=eq.4h&order=timestamp.desc&limit=180:0
[    2296ms] [ERROR] Failed to load resource: the server responded with a status of 400 () @ https://ymnlqggxeeyqvrojsrzh.supabase.co/rest/v1/crypto_historical?select=close%2Ctimestamp&symbol=eq.LINK-USDT&timeframe=eq.1h&order=timestamp.desc&limit=720:0
[    2299ms] [ERROR] Failed to load resource: the server responded with a status of 400 () @ https://ymnlqggxeeyqvrojsrzh.supabase.co/rest/v1/crypto_historical?select=close%2Ctimestamp&symbol=eq.NEAR-USDT&timeframe=eq.1h&order=timestamp.desc&limit=720:0
[    2300ms] [ERROR] Failed to load resource: the server responded with a status of 400 () @ https://ymnlqggxeeyqvrojsrzh.supabase.co/rest/v1/crypto_historical?select=close%2Ctimestamp&symbol=eq.FIL-USD&timeframe=eq.4h&order=timestamp.desc&limit=180:0
[    2303ms] [ERROR] Failed to load resource: the server responded with a status of 400 () @ https://ymnlqggxeeyqvrojsrzh.supabase.co/rest/v1/crypto_historical?select=close%2Ctimestamp&symbol=eq.INJ-USD&timeframe=eq.4h&order=timestamp.desc&limit=180:0
[    2306ms] [ERROR] Failed to load resource: the server responded with a status of 400 () @ https://ymnlqggxeeyqvrojsrzh.supabase.co/rest/v1/crypto_historical?select=close%2Ctimestamp&symbol=eq.LTC-USDT&timeframe=eq.4h&order=timestamp.desc&limit=180:0
[    2362ms] [ERROR] Failed to load resource: the server responded with a status of 400 () @ https://ymnlqggxeeyqvrojsrzh.supabase.co/rest/v1/crypto_historical?select=close%2Ctimestamp&symbol=eq.LINK-USD&timeframe=eq.4h&order=timestamp.desc&limit=180:0
[    2364ms] [ERROR] Failed to load resource: the server responded with a status of 400 () @ https://ymnlqggxeeyqvrojsrzh.supabase.co/rest/v1/crypto_historical?select=close%2Ctimestamp&symbol=eq.NEAR-USD&timeframe=eq.4h&order=timestamp.desc&limit=180:0
[    2367ms] [ERROR] Failed to load resource: the server responded with a status of 400 () @ https://ymnlqggxeeyqvrojsrzh.supabase.co/rest/v1/crypto_historical?select=close%2Ctimestamp&symbol=eq.INJ-USDT&timeframe=eq.4h&order=timestamp.desc&limit=180:0
[    2412ms] [ERROR] Failed to load resource: the server responded with a status of 400 () @ https://ymnlqggxeeyqvrojsrzh.supabase.co/rest/v1/crypto_historical?select=close%2Ctimestamp&symbol=eq.FIL-USDT&timeframe=eq.4h&order=timestamp.desc&limit=180:0
[    2425ms] [ERROR] Failed to load resource: the server responded with a status of 400 () @ https://ymnlqggxeeyqvrojsrzh.supabase.co/rest/v1/crypto_historical?select=close%2Ctimestamp&symbol=eq.NEAR-USDT&timeframe=eq.4h&order=timestamp.desc&limit=180:0
[    2462ms] [ERROR] Failed to load resource: the server responded with a status of 400 () @ https://ymnlqggxeeyqvrojsrzh.supabase.co/rest/v1/crypto_historical?select=close%2Ctimestamp&symbol=eq.LINK-USDT&timeframe=eq.4h&order=timestamp.desc&limit=180:0
[    2521ms] [ERROR] Failed to load resource: the server responded with a status of 400 () @ https://ymnlqggxeeyqvrojsrzh.supabase.co/rest/v1/crypto_historical?select=close%2Ctimestamp&symbol=eq.POL-USD&timeframe=eq.1d&order=timestamp.desc&limit=370:0
[    2526ms] [ERROR] Failed to load resource: the server responded with a status of 400 () @ https://ymnlqggxeeyqvrojsrzh.supabase.co/rest/v1/crypto_historical?select=close%2Ctimestamp&symbol=eq.OP-USD&timeframe=eq.1d&order=timestamp.desc&limit=370:0
[    2526ms] [ERROR] Failed to load resource: the server responded with a status of 400 () @ https://ymnlqggxeeyqvrojsrzh.supabase.co/rest/v1/crypto_historical?select=close%2Ctimestamp&symbol=eq.SOL-USD&timeframe=eq.1d&order=timestamp.desc&limit=370:0
[    2527ms] [ERROR] Failed to load resource: the server responded with a status of 400 () @ https://ymnlqggxeeyqvrojsrzh.supabase.co/rest/v1/crypto_historical?select=close%2Ctimestamp&symbol=eq.SEI-USD&timeframe=eq.1d&order=timestamp.desc&limit=370:0
[    2527ms] [ERROR] Failed to load resource: the server responded with a status of 400 () @ https://ymnlqggxeeyqvrojsrzh.supabase.co/rest/v1/crypto_historical?select=close%2Ctimestamp&symbol=eq.SUI-USD&timeframe=eq.1d&order=timestamp.desc&limit=370:0
[    2571ms] [ERROR] Failed to load resource: the server responded with a status of 400 () @ https://ymnlqggxeeyqvrojsrzh.supabase.co/rest/v1/crypto_historical?select=close%2Ctimestamp&symbol=eq.STRK-USD&timeframe=eq.1d&order=timestamp.desc&limit=370:0
[    2592ms] [ERROR] Failed to load resource: the server responded with a status of 400 () @ https://ymnlqggxeeyqvrojsrzh.supabase.co/rest/v1/crypto_historical?select=close%2Ctimestamp&symbol=eq.SEI-USDT&timeframe=eq.1d&order=timestamp.desc&limit=370:0
[    2593ms] [ERROR] Failed to load resource: the server responded with a status of 400 () @ https://ymnlqggxeeyqvrojsrzh.supabase.co/rest/v1/crypto_historical?select=close%2Ctimestamp&symbol=eq.OP-USDT&timeframe=eq.1d&order=timestamp.desc&limit=370:0
[    2601ms] [ERROR] Failed to load resource: the server responded with a status of 400 () @ https://ymnlqggxeeyqvrojsrzh.supabase.co/rest/v1/crypto_historical?select=close%2Ctimestamp&symbol=eq.SOL-USDT&timeframe=eq.1d&order=timestamp.desc&limit=370:0
[    2602ms] [ERROR] Failed to load resource: the server responded with a status of 400 () @ https://ymnlqggxeeyqvrojsrzh.supabase.co/rest/v1/crypto_historical?select=close%2Ctimestamp&symbol=eq.SUI-USDT&timeframe=eq.1d&order=timestamp.desc&limit=370:0
[    2622ms] [ERROR] Failed to load resource: the server responded with a status of 400 () @ https://ymnlqggxeeyqvrojsrzh.supabase.co/rest/v1/crypto_historical?select=close%2Ctimestamp&symbol=eq.POL-USDT&timeframe=eq.1d&order=timestamp.desc&limit=370:0
[    2638ms] [ERROR] Failed to load resource: the server responded with a status of 400 () @ https://ymnlqggxeeyqvrojsrzh.supabase.co/rest/v1/crypto_historical?select=close%2Ctimestamp&symbol=eq.STRK-USDT&timeframe=eq.1d&order=timestamp.desc&limit=370:0
[    2652ms] [ERROR] Failed to load resource: the server responded with a status of 400 () @ https://ymnlqggxeeyqvrojsrzh.supabase.co/rest/v1/crypto_historical?select=close%2Ctimestamp&symbol=eq.OP-USD&timeframe=eq.1h&order=timestamp.desc&limit=720:0
[    2658ms] [ERROR] Failed to load resource: the server responded with a status of 400 () @ https://ymnlqggxeeyqvrojsrzh.supabase.co/rest/v1/crypto_historical?select=close%2Ctimestamp&symbol=eq.SOL-USD&timeframe=eq.1h&order=timestamp.desc&limit=720:0
[    2661ms] [ERROR] Failed to load resource: the server responded with a status of 400 () @ https://ymnlqggxeeyqvrojsrzh.supabase.co/rest/v1/crypto_historical?select=close%2Ctimestamp&symbol=eq.SUI-USD&timeframe=eq.1h&order=timestamp.desc&limit=720:0
[    2684ms] [ERROR] Failed to load resource: the server responded with a status of 400 () @ https://ymnlqggxeeyqvrojsrzh.supabase.co/rest/v1/crypto_historical?select=close%2Ctimestamp&symbol=eq.POL-USD&timeframe=eq.1h&order=timestamp.desc&limit=720:0
[    2697ms] [ERROR] Failed to load resource: the server responded with a status of 400 () @ https://ymnlqggxeeyqvrojsrzh.supabase.co/rest/v1/crypto_historical?select=close%2Ctimestamp&symbol=eq.SEI-USD&timeframe=eq.1h&order=timestamp.desc&limit=720:0
[    2712ms] [ERROR] Failed to load resource: the server responded with a status of 400 () @ https://ymnlqggxeeyqvrojsrzh.supabase.co/rest/v1/crypto_historical?select=close%2Ctimestamp&symbol=eq.OP-USDT&timeframe=eq.1h&order=timestamp.desc&limit=720:0
[    2715ms] [ERROR] Failed to load resource: the server responded with a status of 400 () @ https://ymnlqggxeeyqvrojsrzh.supabase.co/rest/v1/crypto_historical?select=close%2Ctimestamp&symbol=eq.SOL-USDT&timeframe=eq.1h&order=timestamp.desc&limit=720:0
[    2721ms] [ERROR] Failed to load resource: the server responded with a status of 400 () @ https://ymnlqggxeeyqvrojsrzh.supabase.co/rest/v1/crypto_historical?select=close%2Ctimestamp&symbol=eq.SUI-USDT&timeframe=eq.1h&order=timestamp.desc&limit=720:0
[    2738ms] [ERROR] Failed to load resource: the server responded with a status of 400 () @ https://ymnlqggxeeyqvrojsrzh.supabase.co/rest/v1/crypto_historical?select=close%2Ctimestamp&symbol=eq.STRK-USD&timeframe=eq.1h&order=timestamp.desc&limit=720:0
[    2744ms] [ERROR] Failed to load resource: the server responded with a status of 400 () @ https://ymnlqggxeeyqvrojsrzh.supabase.co/rest/v1/crypto_historical?select=close%2Ctimestamp&symbol=eq.POL-USDT&timeframe=eq.1h&order=timestamp.desc&limit=720:0
[    2760ms] [ERROR] Failed to load resource: the server responded with a status of 400 () @ https://ymnlqggxeeyqvrojsrzh.supabase.co/rest/v1/crypto_historical?select=close%2Ctimestamp&symbol=eq.SEI-USDT&timeframe=eq.1h&order=timestamp.desc&limit=720:0
[    2779ms] [ERROR] Failed to load resource: the server responded with a status of 400 () @ https://ymnlqggxeeyqvrojsrzh.supabase.co/rest/v1/crypto_historical?select=close%2Ctimestamp&symbol=eq.SOL-USD&timeframe=eq.4h&order=timestamp.desc&limit=180:0
[    2780ms] [ERROR] Failed to load resource: the server responded with a status of 400 () @ https://ymnlqggxeeyqvrojsrzh.supabase.co/rest/v1/crypto_historical?select=close%2Ctimestamp&symbol=eq.SUI-USD&timeframe=eq.4h&order=timestamp.desc&limit=180:0
[    2806ms] [ERROR] Failed to load resource: the server responded with a status of 400 () @ https://ymnlqggxeeyqvrojsrzh.supabase.co/rest/v1/crypto_historical?select=close%2Ctimestamp&symbol=eq.STRK-USDT&timeframe=eq.1h&order=timestamp.desc&limit=720:0
[    2811ms] [ERROR] Failed to load resource: the server responded with a status of 400 () @ https://ymnlqggxeeyqvrojsrzh.supabase.co/rest/v1/crypto_historical?select=close%2Ctimestamp&symbol=eq.OP-USD&timeframe=eq.4h&order=timestamp.desc&limit=180:0
[    2841ms] [ERROR] Failed to load resource: the server responded with a status of 400 () @ https://ymnlqggxeeyqvrojsrzh.supabase.co/rest/v1/crypto_historical?select=close%2Ctimestamp&symbol=eq.SEI-USD&timeframe=eq.4h&order=timestamp.desc&limit=180:0
[    2848ms] [ERROR] Failed to load resource: the server responded with a status of 400 () @ https://ymnlqggxeeyqvrojsrzh.supabase.co/rest/v1/crypto_historical?select=close%2Ctimestamp&symbol=eq.POL-USD&timeframe=eq.4h&order=timestamp.desc&limit=180:0
[    2853ms] [ERROR] Failed to load resource: the server responded with a status of 400 () @ https://ymnlqggxeeyqvrojsrzh.supabase.co/rest/v1/crypto_historical?select=close%2Ctimestamp&symbol=eq.SOL-USDT&timeframe=eq.4h&order=timestamp.desc&limit=180:0
[    2854ms] [ERROR] Failed to load resource: the server responded with a status of 400 () @ https://ymnlqggxeeyqvrojsrzh.supabase.co/rest/v1/crypto_historical?select=close%2Ctimestamp&symbol=eq.SUI-USDT&timeframe=eq.4h&order=timestamp.desc&limit=180:0
[    2863ms] [ERROR] Failed to load resource: the server responded with a status of 400 () @ https://ymnlqggxeeyqvrojsrzh.supabase.co/rest/v1/crypto_historical?select=close%2Ctimestamp&symbol=eq.STRK-USD&timeframe=eq.4h&order=timestamp.desc&limit=180:0
[    2869ms] [ERROR] Failed to load resource: the server responded with a status of 400 () @ https://ymnlqggxeeyqvrojsrzh.supabase.co/rest/v1/crypto_historical?select=close%2Ctimestamp&symbol=eq.OP-USDT&timeframe=eq.4h&order=timestamp.desc&limit=180:0
[    2911ms] [ERROR] Failed to load resource: the server responded with a status of 400 () @ https://ymnlqggxeeyqvrojsrzh.supabase.co/rest/v1/crypto_historical?select=close%2Ctimestamp&symbol=eq.POL-USDT&timeframe=eq.4h&order=timestamp.desc&limit=180:0
[    2946ms] [ERROR] Failed to load resource: the server responded with a status of 400 () @ https://ymnlqggxeeyqvrojsrzh.supabase.co/rest/v1/crypto_historical?select=close%2Ctimestamp&symbol=eq.SEI-USDT&timeframe=eq.4h&order=timestamp.desc&limit=180:0
[    2966ms] [ERROR] Failed to load resource: the server responded with a status of 400 () @ https://ymnlqggxeeyqvrojsrzh.supabase.co/rest/v1/crypto_historical?select=close%2Ctimestamp&symbol=eq.STRK-USDT&timeframe=eq.4h&order=timestamp.desc&limit=180:0
[    3033ms] [ERROR] Failed to load resource: the server responded with a status of 400 () @ https://ymnlqggxeeyqvrojsrzh.supabase.co/rest/v1/crypto_historical?select=close%2Ctimestamp&symbol=eq.UNI-USD&timeframe=eq.1d&order=timestamp.desc&limit=370:0
[    3033ms] [ERROR] Failed to load resource: the server responded with a status of 400 () @ https://ymnlqggxeeyqvrojsrzh.supabase.co/rest/v1/crypto_historical?select=close%2Ctimestamp&symbol=eq.TIA-USD&timeframe=eq.1d&order=timestamp.desc&limit=370:0
[    3034ms] [ERROR] Failed to load resource: the server responded with a status of 400 () @ https://ymnlqggxeeyqvrojsrzh.supabase.co/rest/v1/crypto_historical?select=close%2Ctimestamp&symbol=eq.TRX-USD&timeframe=eq.1d&order=timestamp.desc&limit=370:0
[    3036ms] [ERROR] Failed to load resource: the server responded with a status of 400 () @ https://ymnlqggxeeyqvrojsrzh.supabase.co/rest/v1/crypto_historical?select=close%2Ctimestamp&symbol=eq.XLM-USD&timeframe=eq.1d&order=timestamp.desc&limit=370:0
[    3037ms] [ERROR] Failed to load resource: the server responded with a status of 400 () @ https://ymnlqggxeeyqvrojsrzh.supabase.co/rest/v1/crypto_historical?select=close%2Ctimestamp&symbol=eq.XRP-USD&timeframe=eq.1d&order=timestamp.desc&limit=370:0
[    3109ms] [ERROR] Failed to load resource: the server responded with a status of 400 () @ https://ymnlqggxeeyqvrojsrzh.supabase.co/rest/v1/crypto_historical?select=close%2Ctimestamp&symbol=eq.UNI-USDT&timeframe=eq.1d&order=timestamp.desc&limit=370:0
[    3114ms] [ERROR] Failed to load resource: the server responded with a status of 400 () @ https://ymnlqggxeeyqvrojsrzh.supabase.co/rest/v1/crypto_historical?select=close%2Ctimestamp&symbol=eq.XLM-USDT&timeframe=eq.1d&order=timestamp.desc&limit=370:0
[    3115ms] [ERROR] Failed to load resource: the server responded with a status of 400 () @ https://ymnlqggxeeyqvrojsrzh.supabase.co/rest/v1/crypto_historical?select=close%2Ctimestamp&symbol=eq.XRP-USDT&timeframe=eq.1d&order=timestamp.desc&limit=370:0
[    3149ms] [ERROR] Failed to load resource: the server responded with a status of 400 () @ https://ymnlqggxeeyqvrojsrzh.supabase.co/rest/v1/crypto_historical?select=close%2Ctimestamp&symbol=eq.TIA-USDT&timeframe=eq.1d&order=timestamp.desc&limit=370:0
[    3151ms] [ERROR] Failed to load resource: the server responded with a status of 400 () @ https://ymnlqggxeeyqvrojsrzh.supabase.co/rest/v1/crypto_historical?select=close%2Ctimestamp&symbol=eq.TRX-USDT&timeframe=eq.1d&order=timestamp.desc&limit=370:0
[    3172ms] [ERROR] Failed to load resource: the server responded with a status of 400 () @ https://ymnlqggxeeyqvrojsrzh.supabase.co/rest/v1/crypto_historical?select=close%2Ctimestamp&symbol=eq.UNI-USD&timeframe=eq.1h&order=timestamp.desc&limit=720:0
[    3179ms] [ERROR] Failed to load resource: the server responded with a status of 400 () @ https://ymnlqggxeeyqvrojsrzh.supabase.co/rest/v1/crypto_historical?select=close%2Ctimestamp&symbol=eq.XRP-USD&timeframe=eq.1h&order=timestamp.desc&limit=720:0
[    3180ms] [ERROR] Failed to load resource: the server responded with a status of 400 () @ https://ymnlqggxeeyqvrojsrzh.supabase.co/rest/v1/crypto_historical?select=close%2Ctimestamp&symbol=eq.XLM-USD&timeframe=eq.1h&order=timestamp.desc&limit=720:0
[    3210ms] [ERROR] Failed to load resource: the server responded with a status of 400 () @ https://ymnlqggxeeyqvrojsrzh.supabase.co/rest/v1/crypto_historical?select=close%2Ctimestamp&symbol=eq.TIA-USD&timeframe=eq.1h&order=timestamp.desc&limit=720:0
[    3212ms] [ERROR] Failed to load resource: the server responded with a status of 400 () @ https://ymnlqggxeeyqvrojsrzh.supabase.co/rest/v1/crypto_historical?select=close%2Ctimestamp&symbol=eq.TRX-USD&timeframe=eq.1h&order=timestamp.desc&limit=720:0
[    3242ms] [ERROR] Failed to load resource: the server responded with a status of 400 () @ https://ymnlqggxeeyqvrojsrzh.supabase.co/rest/v1/crypto_historical?select=close%2Ctimestamp&symbol=eq.XLM-USDT&timeframe=eq.1h&order=timestamp.desc&limit=720:0
[    3268ms] [ERROR] Failed to load resource: the server responded with a status of 400 () @ https://ymnlqggxeeyqvrojsrzh.supabase.co/rest/v1/crypto_historical?select=close%2Ctimestamp&symbol=eq.TRX-USDT&timeframe=eq.1h&order=timestamp.desc&limit=720:0
[    3270ms] [ERROR] Failed to load resource: the server responded with a status of 400 () @ https://ymnlqggxeeyqvrojsrzh.supabase.co/rest/v1/crypto_historical?select=close%2Ctimestamp&symbol=eq.TIA-USDT&timeframe=eq.1h&order=timestamp.desc&limit=720:0
[    3272ms] [ERROR] Failed to load resource: the server responded with a status of 400 () @ https://ymnlqggxeeyqvrojsrzh.supabase.co/rest/v1/crypto_historical?select=close%2Ctimestamp&symbol=eq.UNI-USDT&timeframe=eq.1h&order=timestamp.desc&limit=720:0
[    3284ms] [ERROR] Failed to load resource: the server responded with a status of 400 () @ https://ymnlqggxeeyqvrojsrzh.supabase.co/rest/v1/crypto_historical?select=close%2Ctimestamp&symbol=eq.XRP-USDT&timeframe=eq.1h&order=timestamp.desc&limit=720:0
[    3299ms] [ERROR] Failed to load resource: the server responded with a status of 400 () @ https://ymnlqggxeeyqvrojsrzh.supabase.co/rest/v1/crypto_historical?select=close%2Ctimestamp&symbol=eq.XLM-USD&timeframe=eq.4h&order=timestamp.desc&limit=180:0
[    3325ms] [ERROR] Failed to load resource: the server responded with a status of 400 () @ https://ymnlqggxeeyqvrojsrzh.supabase.co/rest/v1/crypto_historical?select=close%2Ctimestamp&symbol=eq.TRX-USD&timeframe=eq.4h&order=timestamp.desc&limit=180:0
[    3329ms] [ERROR] Failed to load resource: the server responded with a status of 400 () @ https://ymnlqggxeeyqvrojsrzh.supabase.co/rest/v1/crypto_historical?select=close%2Ctimestamp&symbol=eq.TIA-USD&timeframe=eq.4h&order=timestamp.desc&limit=180:0
[    3329ms] [ERROR] Failed to load resource: the server responded with a status of 400 () @ https://ymnlqggxeeyqvrojsrzh.supabase.co/rest/v1/crypto_historical?select=close%2Ctimestamp&symbol=eq.UNI-USD&timeframe=eq.4h&order=timestamp.desc&limit=180:0
[    3353ms] [ERROR] Failed to load resource: the server responded with a status of 400 () @ https://ymnlqggxeeyqvrojsrzh.supabase.co/rest/v1/crypto_historical?select=close%2Ctimestamp&symbol=eq.XRP-USD&timeframe=eq.4h&order=timestamp.desc&limit=180:0
[    3386ms] [ERROR] Failed to load resource: the server responded with a status of 400 () @ https://ymnlqggxeeyqvrojsrzh.supabase.co/rest/v1/crypto_historical?select=close%2Ctimestamp&symbol=eq.TIA-USDT&timeframe=eq.4h&order=timestamp.desc&limit=180:0
[    3387ms] [ERROR] Failed to load resource: the server responded with a status of 400 () @ https://ymnlqggxeeyqvrojsrzh.supabase.co/rest/v1/crypto_historical?select=close%2Ctimestamp&symbol=eq.UNI-USDT&timeframe=eq.4h&order=timestamp.desc&limit=180:0
[    3406ms] [ERROR] Failed to load resource: the server responded with a status of 400 () @ https://ymnlqggxeeyqvrojsrzh.supabase.co/rest/v1/crypto_historical?select=close%2Ctimestamp&symbol=eq.XLM-USDT&timeframe=eq.4h&order=timestamp.desc&limit=180:0
[    3409ms] [ERROR] Failed to load resource: the server responded with a status of 400 () @ https://ymnlqggxeeyqvrojsrzh.supabase.co/rest/v1/crypto_historical?select=close%2Ctimestamp&symbol=eq.XRP-USDT&timeframe=eq.4h&order=timestamp.desc&limit=180:0
[    3424ms] [ERROR] Failed to load resource: the server responded with a status of 400 () @ https://ymnlqggxeeyqvrojsrzh.supabase.co/rest/v1/crypto_historical?select=close%2Ctimestamp&symbol=eq.TRX-USDT&timeframe=eq.4h&order=timestamp.desc&limit=180:0
