[     699ms] [ERROR] Failed to load resource: the server responded with a status of 400 () @ https://ymnlqggxeeyqvrojsrzh.supabase.co/rest/v1/crypto_data?select=symbol%2Ccurrent_price&order=fetched_at.desc:0
[     731ms] [ERROR] Failed to load resource: the server responded with a status of 404 () @ https://burny143.github.io/favicon.ico:0
[     975ms] [WARNING] crypto_data query: {code: 42703, details: null, hint: null, message: column crypto_data.fetched_at does not exist} @ https://burny143.github.io/crypto-etl/research.html:793
[    1075ms] [ERROR] Failed to load resource: the server responded with a status of 400 () @ https://ymnlqggxeeyqvrojsrzh.supabase.co/rest/v1/crypto_historical?select=close%2Ctimestamp&symbol=eq.ATOM-USD&timeframe=eq.1d&order=timestamp.desc&limit=370:0
[    1077ms] [ERROR] Failed to load resource: the server responded with a status of 400 () @ https://ymnlqggxeeyqvrojsrzh.supabase.co/rest/v1/crypto_historical?select=close%2Ctimestamp&symbol=eq.ARB-USD&timeframe=eq.1d&order=timestamp.desc&limit=370:0
[    1080ms] [ERROR] Failed to load resource: the server responded with a status of 400 () @ https://ymnlqggxeeyqvrojsrzh.supabase.co/rest/v1/crypto_historical?select=close%2Ctimestamp&symbol=eq.ADA-USD&timeframe=eq.1d&order=timestamp.desc&limit=370:0
[    1081ms] [ERROR] Failed to load resource: the server responded with a status of 400 () @ https://ymnlqggxeeyqvrojsrzh.supabase.co/rest/v1/crypto_historical?select=close%2Ctimestamp&symbol=eq.APT-USD&timeframe=eq.1d&order=timestamp.desc&limit=370:0
[    1127ms] [ERROR] Failed to load resource: the server responded with a status of 400 () @ https://ymnlqggxeeyqvrojsrzh.supabase.co/rest/v1/crypto_historical?select=close%2Ctimestamp&symbol=eq.AVAX-USD&timeframe=eq.1d&order=timestamp.desc&limit=370:0
[    1129ms] [ERROR] Failed to load resource: the server responded with a status of 400 () @ https://ymnlqggxeeyqvrojsrzh.supabase.co/rest/v1/crypto_historical?select=close%2Ctimestamp&symbol=eq.BCH-USD&timeframe=eq.1d&order=timestamp.desc&limit=370:0
[    1146ms] [ERROR] Failed to load resource: the server responded with a status of 400 () @ https://ymnlqggxeeyqvrojsrzh.supabase.co/rest/v1/crypto_historical?select=close%2Ctimestamp&symbol=eq.ATOM-USDT&timeframe=eq.1d&order=timestamp.desc&limit=370:0
[    1155ms] [ERROR] Failed to load resource: the server responded with a status of 400 () @ https://ymnlqggxeeyqvrojsrzh.supabase.co/rest/v1/crypto_historical?select=close%2Ctimestamp&symbol=eq.ARB-USDT&timeframe=eq.1d&order=timestamp.desc&limit=370:0
[    1156ms] [ERROR] Failed to load resource: the server responded with a status of 400 () @ https://ymnlqggxeeyqvrojsrzh.supabase.co/rest/v1/crypto_historical?select=close%2Ctimestamp&symbol=eq.ADA-USDT&timeframe=eq.1d&order=timestamp.desc&limit=370:0
[    1164ms] [ERROR] Failed to load resource: the server responded with a status of 400 () @ https://ymnlqggxeeyqvrojsrzh.supabase.co/rest/v1/crypto_historical?select=close%2Ctimestamp&symbol=eq.APT-USDT&timeframe=eq.1d&order=timestamp.desc&limit=370:0
[    1201ms] [ERROR] Failed to load resource: the server responded with a status of 400 () @ https://ymnlqggxeeyqvrojsrzh.supabase.co/rest/v1/crypto_historical?select=close%2Ctimestamp&symbol=eq.AVAX-USDT&timeframe=eq.1d&order=timestamp.desc&limit=370:0
[    1226ms] [ERROR] Failed to load resource: the server responded with a status of 400 () @ https://ymnlqggxeeyqvrojsrzh.supabase.co/rest/v1/crypto_historical?select=close%2Ctimestamp&symbol=eq.ARB-USD&timeframe=eq.1h&order=timestamp.desc&limit=720:0
[    1229ms] [ERROR] Failed to load resource: the server responded with a status of 400 () @ https://ymnlqggxeeyqvrojsrzh.supabase.co/rest/v1/crypto_historical?select=close%2Ctimestamp&symbol=eq.ADA-USD&timeframe=eq.1h&order=timestamp.desc&limit=720:0
[    1237ms] [ERROR] Failed to load resource: the server responded with a status of 400 () @ https://ymnlqggxeeyqvrojsrzh.supabase.co/rest/v1/crypto_historical?select=close%2Ctimestamp&symbol=eq.APT-USD&timeframe=eq.1h&order=timestamp.desc&limit=720:0
[    1260ms] [ERROR] Failed to load resource: the server responded with a status of 400 () @ https://ymnlqggxeeyqvrojsrzh.supabase.co/rest/v1/crypto_historical?select=close%2Ctimestamp&symbol=eq.BCH-USDT&timeframe=eq.1d&order=timestamp.desc&limit=370:0
[    1269ms] [ERROR] Failed to load resource: the server responded with a status of 400 () @ https://ymnlqggxeeyqvrojsrzh.supabase.co/rest/v1/crypto_historical?select=close%2Ctimestamp&symbol=eq.ATOM-USD&timeframe=eq.1h&order=timestamp.desc&limit=720:0
[    1284ms] [ERROR] Failed to load resource: the server responded with a status of 400 () @ https://ymnlqggxeeyqvrojsrzh.supabase.co/rest/v1/crypto_historical?select=close%2Ctimestamp&symbol=eq.AVAX-USD&timeframe=eq.1h&order=timestamp.desc&limit=720:0
[    1311ms] [ERROR] Failed to load resource: the server responded with a status of 400 () @ https://ymnlqggxeeyqvrojsrzh.supabase.co/rest/v1/crypto_historical?select=close%2Ctimestamp&symbol=eq.ARB-USDT&timeframe=eq.1h&order=timestamp.desc&limit=720:0
[    1313ms] [ERROR] Failed to load resource: the server responded with a status of 400 () @ https://ymnlqggxeeyqvrojsrzh.supabase.co/rest/v1/crypto_historical?select=close%2Ctimestamp&symbol=eq.ADA-USDT&timeframe=eq.1h&order=timestamp.desc&limit=720:0
[    1316ms] [ERROR] Failed to load resource: the server responded with a status of 400 () @ https://ymnlqggxeeyqvrojsrzh.supabase.co/rest/v1/crypto_historical?select=close%2Ctimestamp&symbol=eq.APT-USDT&timeframe=eq.1h&order=timestamp.desc&limit=720:0
[    1339ms] [ERROR] Failed to load resource: the server responded with a status of 400 () @ https://ymnlqggxeeyqvrojsrzh.supabase.co/rest/v1/crypto_historical?select=close%2Ctimestamp&symbol=eq.BCH-USD&timeframe=eq.1h&order=timestamp.desc&limit=720:0
[    1385ms] [ERROR] Failed to load resource: the server responded with a status of 400 () @ https://ymnlqggxeeyqvrojsrzh.supabase.co/rest/v1/crypto_historical?select=close%2Ctimestamp&symbol=eq.ARB-USD&timeframe=eq.4h&order=timestamp.desc&limit=180:0
[    1386ms] [ERROR] Failed to load resource: the server responded with a status of 400 () @ https://ymnlqggxeeyqvrojsrzh.supabase.co/rest/v1/crypto_historical?select=close%2Ctimestamp&symbol=eq.ATOM-USDT&timeframe=eq.1h&order=timestamp.desc&limit=720:0
[    1389ms] [ERROR] Failed to load resource: the server responded with a status of 400 () @ https://ymnlqggxeeyqvrojsrzh.supabase.co/rest/v1/crypto_historical?select=close%2Ctimestamp&symbol=eq.ADA-USD&timeframe=eq.4h&order=timestamp.desc&limit=180:0
[    1392ms] [ERROR] Failed to load resource: the server responded with a status of 400 () @ https://ymnlqggxeeyqvrojsrzh.supabase.co/rest/v1/crypto_historical?select=close%2Ctimestamp&symbol=eq.APT-USD&timeframe=eq.4h&order=timestamp.desc&limit=180:0
[    1396ms] [ERROR] Failed to load resource: the server responded with a status of 400 () @ https://ymnlqggxeeyqvrojsrzh.supabase.co/rest/v1/crypto_historical?select=close%2Ctimestamp&symbol=eq.AVAX-USDT&timeframe=eq.1h&order=timestamp.desc&limit=720:0
[    1410ms] [ERROR] Failed to load resource: the server responded with a status of 400 () @ https://ymnlqggxeeyqvrojsrzh.supabase.co/rest/v1/crypto_historical?select=close%2Ctimestamp&symbol=eq.BCH-USDT&timeframe=eq.1h&order=timestamp.desc&limit=720:0
[    1461ms] [ERROR] Failed to load resource: the server responded with a status of 400 () @ https://ymnlqggxeeyqvrojsrzh.supabase.co/rest/v1/crypto_historical?select=close%2Ctimestamp&symbol=eq.ATOM-USD&timeframe=eq.4h&order=timestamp.desc&limit=180:0
[    1464ms] [ERROR] Failed to load resource: the server responded with a status of 400 () @ https://ymnlqggxeeyqvrojsrzh.supabase.co/rest/v1/crypto_historical?select=close%2Ctimestamp&symbol=eq.ARB-USDT&timeframe=eq.4h&order=timestamp.desc&limit=180:0
[    1466ms] [ERROR] Failed to load resource: the server responded with a status of 400 () @ https://ymnlqggxeeyqvrojsrzh.supabase.co/rest/v1/crypto_historical?select=close%2Ctimestamp&symbol=eq.APT-USDT&timeframe=eq.4h&order=timestamp.desc&limit=180:0
[    1468ms] [ERROR] Failed to load resource: the server responded with a status of 400 () @ https://ymnlqggxeeyqvrojsrzh.supabase.co/rest/v1/crypto_historical?select=close%2Ctimestamp&symbol=eq.AVAX-USD&timeframe=eq.4h&order=timestamp.desc&limit=180:0
[    1506ms] [ERROR] Failed to load resource: the server responded with a status of 400 () @ https://ymnlqggxeeyqvrojsrzh.supabase.co/rest/v1/crypto_historical?select=close%2Ctimestamp&symbol=eq.ADA-USDT&timeframe=eq.4h&order=timestamp.desc&limit=180:0
[    1528ms] [ERROR] Failed to load resource: the server responded with a status of 400 () @ https://ymnlqggxeeyqvrojsrzh.supabase.co/rest/v1/crypto_historical?select=close%2Ctimestamp&symbol=eq.BCH-USD&timeframe=eq.4h&order=timestamp.desc&limit=180:0
[    1534ms] [ERROR] Failed to load resource: the server responded with a status of 400 () @ https://ymnlqggxeeyqvrojsrzh.supabase.co/rest/v1/crypto_historical?select=close%2Ctimestamp&symbol=eq.ATOM-USDT&timeframe=eq.4h&order=timestamp.desc&limit=180:0
[    1543ms] [ERROR] Failed to load resource: the server responded with a status of 400 () @ https://ymnlqggxeeyqvrojsrzh.supabase.co/rest/v1/crypto_historical?select=close%2Ctimestamp&symbol=eq.AVAX-USDT&timeframe=eq.4h&order=timestamp.desc&limit=180:0
[    1603ms] [ERROR] Failed to load resource: the server responded with a status of 400 () @ https://ymnlqggxeeyqvrojsrzh.supabase.co/rest/v1/crypto_historical?select=close%2Ctimestamp&symbol=eq.BCH-USDT&timeframe=eq.4h&order=timestamp.desc&limit=180:0
[    1675ms] [ERROR] Failed to load resource: the server responded with a status of 400 () @ https://ymnlqggxeeyqvrojsrzh.supabase.co/rest/v1/crypto_historical?select=close%2Ctimestamp&symbol=eq.BTC-USD&timeframe=eq.1d&order=timestamp.desc&limit=370:0
[    1677ms] [ERROR] Failed to load resource: the server responded with a status of 400 () @ https://ymnlqggxeeyqvrojsrzh.supabase.co/rest/v1/crypto_historical?select=close%2Ctimestamp&symbol=eq.DOT-USD&timeframe=eq.1d&order=timestamp.desc&limit=370:0
[    1682ms] [ERROR] Failed to load resource: the server responded with a status of 400 () @ https://ymnlqggxeeyqvrojsrzh.supabase.co/rest/v1/crypto_historical?select=close%2Ctimestamp&symbol=eq.ETC-USD&timeframe=eq.1d&order=timestamp.desc&limit=370:0
[    1688ms] [ERROR] Failed to load resource: the server responded with a status of 400 () @ https://ymnlqggxeeyqvrojsrzh.supabase.co/rest/v1/crypto_historical?select=close%2Ctimestamp&symbol=eq.ETH-USD&timeframe=eq.1d&order=timestamp.desc&limit=370:0
[    1722ms] [ERROR] Failed to load resource: the server responded with a status of 400 () @ https://ymnlqggxeeyqvrojsrzh.supabase.co/rest/v1/crypto_historical?select=close%2Ctimestamp&symbol=eq.BNB-USD&timeframe=eq.1d&order=timestamp.desc&limit=370:0
[    1723ms] [ERROR] Failed to load resource: the server responded with a status of 400 () @ https://ymnlqggxeeyqvrojsrzh.supabase.co/rest/v1/crypto_historical?select=close%2Ctimestamp&symbol=eq.DOGE-USD&timeframe=eq.1d&order=timestamp.desc&limit=370:0
[    1743ms] [ERROR] Failed to load resource: the server responded with a status of 400 () @ https://ymnlqggxeeyqvrojsrzh.supabase.co/rest/v1/crypto_historical?select=close%2Ctimestamp&symbol=eq.DOT-USDT&timeframe=eq.1d&order=timestamp.desc&limit=370:0
[    1745ms] [ERROR] Failed to load resource: the server responded with a status of 400 () @ https://ymnlqggxeeyqvrojsrzh.supabase.co/rest/v1/crypto_historical?select=close%2Ctimestamp&symbol=eq.BTC-USDT&timeframe=eq.1d&order=timestamp.desc&limit=370:0
[    1758ms] [ERROR] Failed to load resource: the server responded with a status of 400 () @ https://ymnlqggxeeyqvrojsrzh.supabase.co/rest/v1/crypto_historical?select=close%2Ctimestamp&symbol=eq.ETC-USDT&timeframe=eq.1d&order=timestamp.desc&limit=370:0
[    1760ms] [ERROR] Failed to load resource: the server responded with a status of 400 () @ https://ymnlqggxeeyqvrojsrzh.supabase.co/rest/v1/crypto_historical?select=close%2Ctimestamp&symbol=eq.ETH-USDT&timeframe=eq.1d&order=timestamp.desc&limit=370:0
[    1802ms] [ERROR] Failed to load resource: the server responded with a status of 400 () @ https://ymnlqggxeeyqvrojsrzh.supabase.co/rest/v1/crypto_historical?select=close%2Ctimestamp&symbol=eq.BNB-USDT&timeframe=eq.1d&order=timestamp.desc&limit=370:0
[    1816ms] [ERROR] Failed to load resource: the server responded with a status of 400 () @ https://ymnlqggxeeyqvrojsrzh.supabase.co/rest/v1/crypto_historical?select=close%2Ctimestamp&symbol=eq.BTC-USD&timeframe=eq.1h&order=timestamp.desc&limit=720:0
[    1836ms] [ERROR] Failed to load resource: the server responded with a status of 400 () @ https://ymnlqggxeeyqvrojsrzh.supabase.co/rest/v1/crypto_historical?select=close%2Ctimestamp&symbol=eq.DOGE-USDT&timeframe=eq.1d&order=timestamp.desc&limit=370:0
[    1838ms] [ERROR] Failed to load resource: the server responded with a status of 400 () @ https://ymnlqggxeeyqvrojsrzh.supabase.co/rest/v1/crypto_historical?select=close%2Ctimestamp&symbol=eq.ETH-USD&timeframe=eq.1h&order=timestamp.desc&limit=720:0
[    1838ms] [ERROR] Failed to load resource: the server responded with a status of 400 () @ https://ymnlqggxeeyqvrojsrzh.supabase.co/rest/v1/crypto_historical?select=close%2Ctimestamp&symbol=eq.ETC-USD&timeframe=eq.1h&order=timestamp.desc&limit=720:0
[    1857ms] [ERROR] Failed to load resource: the server responded with a status of 400 () @ https://ymnlqggxeeyqvrojsrzh.supabase.co/rest/v1/crypto_historical?select=close%2Ctimestamp&symbol=eq.DOT-USD&timeframe=eq.1h&order=timestamp.desc&limit=720:0
[    1875ms] [ERROR] Failed to load resource: the server responded with a status of 400 () @ https://ymnlqggxeeyqvrojsrzh.supabase.co/rest/v1/crypto_historical?select=close%2Ctimestamp&symbol=eq.BNB-USD&timeframe=eq.1h&order=timestamp.desc&limit=720:0
[    1887ms] [ERROR] Failed to load resource: the server responded with a status of 400 () @ https://ymnlqggxeeyqvrojsrzh.supabase.co/rest/v1/crypto_historical?select=close%2Ctimestamp&symbol=eq.BTC-USDT&timeframe=eq.1h&order=timestamp.desc&limit=720:0
[    1914ms] [ERROR] Failed to load resource: the server responded with a status of 400 () @ https://ymnlqggxeeyqvrojsrzh.supabase.co/rest/v1/crypto_historical?select=close%2Ctimestamp&symbol=eq.DOGE-USD&timeframe=eq.1h&order=timestamp.desc&limit=720:0
[    1918ms] [ERROR] Failed to load resource: the server responded with a status of 400 () @ https://ymnlqggxeeyqvrojsrzh.supabase.co/rest/v1/crypto_historical?select=close%2Ctimestamp&symbol=eq.ETH-USDT&timeframe=eq.1h&order=timestamp.desc&limit=720:0
[    1928ms] [ERROR] Failed to load resource: the server responded with a status of 400 () @ https://ymnlqggxeeyqvrojsrzh.supabase.co/rest/v1/crypto_historical?select=close%2Ctimestamp&symbol=eq.DOT-USDT&timeframe=eq.1h&order=timestamp.desc&limit=720:0
[    1949ms] [ERROR] Failed to load resource: the server responded with a status of 400 () @ https://ymnlqggxeeyqvrojsrzh.supabase.co/rest/v1/crypto_historical?select=close%2Ctimestamp&symbol=eq.ETC-USDT&timeframe=eq.1h&order=timestamp.desc&limit=720:0
[    1959ms] [ERROR] Failed to load resource: the server responded with a status of 400 () @ https://ymnlqggxeeyqvrojsrzh.supabase.co/rest/v1/crypto_historical?select=close%2Ctimestamp&symbol=eq.BTC-USD&timeframe=eq.4h&order=timestamp.desc&limit=180:0
[    1988ms] [ERROR] Failed to load resource: the server responded with a status of 400 () @ https://ymnlqggxeeyqvrojsrzh.supabase.co/rest/v1/crypto_historical?select=close%2Ctimestamp&symbol=eq.DOGE-USDT&timeframe=eq.1h&order=timestamp.desc&limit=720:0
[    1991ms] [ERROR] Failed to load resource: the server responded with a status of 400 () @ https://ymnlqggxeeyqvrojsrzh.supabase.co/rest/v1/crypto_historical?select=close%2Ctimestamp&symbol=eq.ETH-USD&timeframe=eq.4h&order=timestamp.desc&limit=180:0
[    1996ms] [ERROR] Failed to load resource: the server responded with a status of 400 () @ https://ymnlqggxeeyqvrojsrzh.supabase.co/rest/v1/crypto_historical?select=close%2Ctimestamp&symbol=eq.BNB-USDT&timeframe=eq.1h&order=timestamp.desc&limit=720:0
[    1998ms] [ERROR] Failed to load resource: the server responded with a status of 400 () @ https://ymnlqggxeeyqvrojsrzh.supabase.co/rest/v1/crypto_historical?select=close%2Ctimestamp&symbol=eq.DOT-USD&timeframe=eq.4h&order=timestamp.desc&limit=180:0
[    2023ms] [ERROR] Failed to load resource: the server responded with a status of 400 () @ https://ymnlqggxeeyqvrojsrzh.supabase.co/rest/v1/crypto_historical?select=close%2Ctimestamp&symbol=eq.ETC-USD&timeframe=eq.4h&order=timestamp.desc&limit=180:0
[    2063ms] [ERROR] Failed to load resource: the server responded with a status of 400 () @ https://ymnlqggxeeyqvrojsrzh.supabase.co/rest/v1/crypto_historical?select=close%2Ctimestamp&symbol=eq.ETH-USDT&timeframe=eq.4h&order=timestamp.desc&limit=180:0
[    2064ms] [ERROR] Failed to load resource: the server responded with a status of 400 () @ https://ymnlqggxeeyqvrojsrzh.supabase.co/rest/v1/crypto_historical?select=close%2Ctimestamp&symbol=eq.DOGE-USD&timeframe=eq.4h&order=timestamp.desc&limit=180:0
[    2066ms] [ERROR] Failed to load resource: the server responded with a status of 400 () @ https://ymnlqggxeeyqvrojsrzh.supabase.co/rest/v1/crypto_historical?select=close%2Ctimestamp&symbol=eq.BNB-USD&timeframe=eq.4h&order=timestamp.desc&limit=180:0
[    2068ms] [ERROR] Failed to load resource: the server responded with a status of 400 () @ https://ymnlqggxeeyqvrojsrzh.supabase.co/rest/v1/crypto_historical?select=close%2Ctimestamp&symbol=eq.BTC-USDT&timeframe=eq.4h&order=timestamp.desc&limit=180:0
[    2093ms] [ERROR] Failed to load resource: the server responded with a status of 400 () @ https://ymnlqggxeeyqvrojsrzh.supabase.co/rest/v1/crypto_historical?select=close%2Ctimestamp&symbol=eq.ETC-USDT&timeframe=eq.4h&order=timestamp.desc&limit=180:0
[    2117ms] [ERROR] Failed to load resource: the server responded with a status of 400 () @ https://ymnlqggxeeyqvrojsrzh.supabase.co/rest/v1/crypto_historical?select=close%2Ctimestamp&symbol=eq.DOT-USDT&timeframe=eq.4h&order=timestamp.desc&limit=180:0
[    2131ms] [ERROR] Failed to load resource: the server responded with a status of 400 () @ https://ymnlqggxeeyqvrojsrzh.supabase.co/rest/v1/crypto_historical?select=close%2Ctimestamp&symbol=eq.BNB-USDT&timeframe=eq.4h&order=timestamp.desc&limit=180:0
[    2132ms] [ERROR] Failed to load resource: the server responded with a status of 400 () @ https://ymnlqggxeeyqvrojsrzh.supabase.co/rest/v1/crypto_historical?select=close%2Ctimestamp&symbol=eq.DOGE-USDT&timeframe=eq.4h&order=timestamp.desc&limit=180:0
[    2206ms] [ERROR] Failed to load resource: the server responded with a status of 400 () @ https://ymnlqggxeeyqvrojsrzh.supabase.co/rest/v1/crypto_historical?select=close%2Ctimestamp&symbol=eq.FIL-USD&timeframe=eq.1d&order=timestamp.desc&limit=370:0
[    2208ms] [ERROR] Failed to load resource: the server responded with a status of 400 () @ https://ymnlqggxeeyqvrojsrzh.supabase.co/rest/v1/crypto_historical?select=close%2Ctimestamp&symbol=eq.LTC-USD&timeframe=eq.1d&order=timestamp.desc&limit=370:0
[    2209ms] [ERROR] Failed to load resource: the server responded with a status of 400 () @ https://ymnlqggxeeyqvrojsrzh.supabase.co/rest/v1/crypto_historical?select=close%2Ctimestamp&symbol=eq.LINK-USD&timeframe=eq.1d&order=timestamp.desc&limit=370:0
[    2218ms] [ERROR] Failed to load resource: the server responded with a status of 400 () @ https://ymnlqggxeeyqvrojsrzh.supabase.co/rest/v1/crypto_historical?select=close%2Ctimestamp&symbol=eq.NEAR-USD&timeframe=eq.1d&order=timestamp.desc&limit=370:0
[    2252ms] [ERROR] Failed to load resource: the server responded with a status of 400 () @ https://ymnlqggxeeyqvrojsrzh.supabase.co/rest/v1/crypto_historical?select=close%2Ctimestamp&symbol=eq.INJ-USD&timeframe=eq.1d&order=timestamp.desc&limit=370:0
[    2262ms] [ERROR] Failed to load resource: the server responded with a status of 400 () @ https://ymnlqggxeeyqvrojsrzh.supabase.co/rest/v1/crypto_historical?select=close%2Ctimestamp&symbol=eq.LTC-USDT&timeframe=eq.1d&order=timestamp.desc&limit=370:0
[    2282ms] [ERROR] Failed to load resource: the server responded with a status of 400 () @ https://ymnlqggxeeyqvrojsrzh.supabase.co/rest/v1/crypto_historical?select=close%2Ctimestamp&symbol=eq.FIL-USDT&timeframe=eq.1d&order=timestamp.desc&limit=370:0
[    2298ms] [ERROR] Failed to load resource: the server responded with a status of 400 () @ https://ymnlqggxeeyqvrojsrzh.supabase.co/rest/v1/crypto_historical?select=close%2Ctimestamp&symbol=eq.LINK-USDT&timeframe=eq.1d&order=timestamp.desc&limit=370:0
[    2300ms] [ERROR] Failed to load resource: the server responded with a status of 400 () @ https://ymnlqggxeeyqvrojsrzh.supabase.co/rest/v1/crypto_historical?select=close%2Ctimestamp&symbol=eq.NEAR-USDT&timeframe=eq.1d&order=timestamp.desc&limit=370:0
[    2319ms] [ERROR] Failed to load resource: the server responded with a status of 400 () @ https://ymnlqggxeeyqvrojsrzh.supabase.co/rest/v1/crypto_historical?select=close%2Ctimestamp&symbol=eq.LTC-USDT&timeframe=eq.1d&order=timestamp.desc&limit=370:0
[    2332ms] [ERROR] Failed to load resource: the server responded with a status of 400 () @ https://ymnlqggxeeyqvrojsrzh.supabase.co/rest/v1/crypto_historical?select=close%2Ctimestamp&symbol=eq.INJ-USDT&timeframe=eq.1d&order=timestamp.desc&limit=370:0
[    2373ms] [ERROR] Failed to load resource: the server responded with a status of 400 () @ https://ymnlqggxeeyqvrojsrzh.supabase.co/rest/v1/crypto_historical?select=close%2Ctimestamp&symbol=eq.LINK-USD&timeframe=eq.1h&order=timestamp.desc&limit=720:0
[    2378ms] [ERROR] Failed to load resource: the server responded with a status of 400 () @ https://ymnlqggxeeyqvrojsrzh.supabase.co/rest/v1/crypto_historical?select=close%2Ctimestamp&symbol=eq.NEAR-USD&timeframe=eq.1h&order=timestamp.desc&limit=720:0
[    2396ms] [ERROR] Failed to load resource: the server responded with a status of 400 () @ https://ymnlqggxeeyqvrojsrzh.supabase.co/rest/v1/crypto_historical?select=close%2Ctimestamp&symbol=eq.LTC-USD&timeframe=eq.1h&order=timestamp.desc&limit=720:0
[    2396ms] [ERROR] Failed to load resource: the server responded with a status of 400 () @ https://ymnlqggxeeyqvrojsrzh.supabase.co/rest/v1/crypto_historical?select=close%2Ctimestamp&symbol=eq.LTC-USDT&timeframe=eq.1h&order=timestamp.desc&limit=720:0
[    2400ms] [ERROR] Failed to load resource: the server responded with a status of 400 () @ https://ymnlqggxeeyqvrojsrzh.supabase.co/rest/v1/crypto_historical?select=close%2Ctimestamp&symbol=eq.FIL-USD&timeframe=eq.1h&order=timestamp.desc&limit=720:0
[    2406ms] [ERROR] Failed to load resource: the server responded with a status of 400 () @ https://ymnlqggxeeyqvrojsrzh.supabase.co/rest/v1/crypto_historical?select=close%2Ctimestamp&symbol=eq.INJ-USD&timeframe=eq.1h&order=timestamp.desc&limit=720:0
[    2460ms] [ERROR] Failed to load resource: the server responded with a status of 400 () @ https://ymnlqggxeeyqvrojsrzh.supabase.co/rest/v1/crypto_historical?select=close%2Ctimestamp&symbol=eq.LINK-USDT&timeframe=eq.1h&order=timestamp.desc&limit=720:0
[    2461ms] [ERROR] Failed to load resource: the server responded with a status of 400 () @ https://ymnlqggxeeyqvrojsrzh.supabase.co/rest/v1/crypto_historical?select=close%2Ctimestamp&symbol=eq.NEAR-USDT&timeframe=eq.1h&order=timestamp.desc&limit=720:0
[    2466ms] [ERROR] Failed to load resource: the server responded with a status of 400 () @ https://ymnlqggxeeyqvrojsrzh.supabase.co/rest/v1/crypto_historical?select=close%2Ctimestamp&symbol=eq.LTC-USDT&timeframe=eq.1h&order=timestamp.desc&limit=720:0
[    2489ms] [ERROR] Failed to load resource: the server responded with a status of 400 () @ https://ymnlqggxeeyqvrojsrzh.supabase.co/rest/v1/crypto_historical?select=close%2Ctimestamp&symbol=eq.LTC-USDT&timeframe=eq.4h&order=timestamp.desc&limit=180:0
[    2527ms] [ERROR] Failed to load resource: the server responded with a status of 400 () @ https://ymnlqggxeeyqvrojsrzh.supabase.co/rest/v1/crypto_historical?select=close%2Ctimestamp&symbol=eq.FIL-USDT&timeframe=eq.1h&order=timestamp.desc&limit=720:0
[    2529ms] [ERROR] Failed to load resource: the server responded with a status of 400 () @ https://ymnlqggxeeyqvrojsrzh.supabase.co/rest/v1/crypto_historical?select=close%2Ctimestamp&symbol=eq.INJ-USDT&timeframe=eq.1h&order=timestamp.desc&limit=720:0
[    2537ms] [ERROR] Failed to load resource: the server responded with a status of 400 () @ https://ymnlqggxeeyqvrojsrzh.supabase.co/rest/v1/crypto_historical?select=close%2Ctimestamp&symbol=eq.LINK-USD&timeframe=eq.4h&order=timestamp.desc&limit=180:0
[    2540ms] [ERROR] Failed to load resource: the server responded with a status of 400 () @ https://ymnlqggxeeyqvrojsrzh.supabase.co/rest/v1/crypto_historical?select=close%2Ctimestamp&symbol=eq.NEAR-USD&timeframe=eq.4h&order=timestamp.desc&limit=180:0
[    2541ms] [ERROR] Failed to load resource: the server responded with a status of 400 () @ https://ymnlqggxeeyqvrojsrzh.supabase.co/rest/v1/crypto_historical?select=close%2Ctimestamp&symbol=eq.LTC-USD&timeframe=eq.4h&order=timestamp.desc&limit=180:0
[    2600ms] [ERROR] Failed to load resource: the server responded with a status of 400 () @ https://ymnlqggxeeyqvrojsrzh.supabase.co/rest/v1/crypto_historical?select=close%2Ctimestamp&symbol=eq.LTC-USDT&timeframe=eq.4h&order=timestamp.desc&limit=180:0
[    2612ms] [ERROR] Failed to load resource: the server responded with a status of 400 () @ https://ymnlqggxeeyqvrojsrzh.supabase.co/rest/v1/crypto_historical?select=close%2Ctimestamp&symbol=eq.INJ-USD&timeframe=eq.4h&order=timestamp.desc&limit=180:0
[    2614ms] [ERROR] Failed to load resource: the server responded with a status of 400 () @ https://ymnlqggxeeyqvrojsrzh.supabase.co/rest/v1/crypto_historical?select=close%2Ctimestamp&symbol=eq.NEAR-USDT&timeframe=eq.4h&order=timestamp.desc&limit=180:0
[    2654ms] [ERROR] Failed to load resource: the server responded with a status of 400 () @ https://ymnlqggxeeyqvrojsrzh.supabase.co/rest/v1/crypto_historical?select=close%2Ctimestamp&symbol=eq.LINK-USDT&timeframe=eq.4h&order=timestamp.desc&limit=180:0
[    2655ms] [ERROR] Failed to load resource: the server responded with a status of 400 () @ https://ymnlqggxeeyqvrojsrzh.supabase.co/rest/v1/crypto_historical?select=close%2Ctimestamp&symbol=eq.FIL-USD&timeframe=eq.4h&order=timestamp.desc&limit=180:0
[    2684ms] [ERROR] Failed to load resource: the server responded with a status of 400 () @ https://ymnlqggxeeyqvrojsrzh.supabase.co/rest/v1/crypto_historical?select=close%2Ctimestamp&symbol=eq.INJ-USDT&timeframe=eq.4h&order=timestamp.desc&limit=180:0
[    2730ms] [ERROR] Failed to load resource: the server responded with a status of 400 () @ https://ymnlqggxeeyqvrojsrzh.supabase.co/rest/v1/crypto_historical?select=close%2Ctimestamp&symbol=eq.FIL-USDT&timeframe=eq.4h&order=timestamp.desc&limit=180:0
[    2804ms] [ERROR] Failed to load resource: the server responded with a status of 400 () @ https://ymnlqggxeeyqvrojsrzh.supabase.co/rest/v1/crypto_historical?select=close%2Ctimestamp&symbol=eq.OP-USD&timeframe=eq.1d&order=timestamp.desc&limit=370:0
[    2807ms] [ERROR] Failed to load resource: the server responded with a status of 400 () @ https://ymnlqggxeeyqvrojsrzh.supabase.co/rest/v1/crypto_historical?select=close%2Ctimestamp&symbol=eq.POL-USD&timeframe=eq.1d&order=timestamp.desc&limit=370:0
[    2812ms] [ERROR] Failed to load resource: the server responded with a status of 400 () @ https://ymnlqggxeeyqvrojsrzh.supabase.co/rest/v1/crypto_historical?select=close%2Ctimestamp&symbol=eq.STRK-USD&timeframe=eq.1d&order=timestamp.desc&limit=370:0
[    2815ms] [ERROR] Failed to load resource: the server responded with a status of 400 () @ https://ymnlqggxeeyqvrojsrzh.supabase.co/rest/v1/crypto_historical?select=close%2Ctimestamp&symbol=eq.SUI-USD&timeframe=eq.1d&order=timestamp.desc&limit=370:0
[    2863ms] [ERROR] Failed to load resource: the server responded with a status of 400 () @ https://ymnlqggxeeyqvrojsrzh.supabase.co/rest/v1/crypto_historical?select=close%2Ctimestamp&symbol=eq.SOL-USD&timeframe=eq.1d&order=timestamp.desc&limit=370:0
[    2864ms] [ERROR] Failed to load resource: the server responded with a status of 400 () @ https://ymnlqggxeeyqvrojsrzh.supabase.co/rest/v1/crypto_historical?select=close%2Ctimestamp&symbol=eq.SEI-USD&timeframe=eq.1d&order=timestamp.desc&limit=370:0
[    2872ms] [ERROR] Failed to load resource: the server responded with a status of 400 () @ https://ymnlqggxeeyqvrojsrzh.supabase.co/rest/v1/crypto_historical?select=close%2Ctimestamp&symbol=eq.OP-USDT&timeframe=eq.1d&order=timestamp.desc&limit=370:0
[    2874ms] [ERROR] Failed to load resource: the server responded with a status of 400 () @ https://ymnlqggxeeyqvrojsrzh.supabase.co/rest/v1/crypto_historical?select=close%2Ctimestamp&symbol=eq.POL-USDT&timeframe=eq.1d&order=timestamp.desc&limit=370:0
[    2881ms] [ERROR] Failed to load resource: the server responded with a status of 400 () @ https://ymnlqggxeeyqvrojsrzh.supabase.co/rest/v1/crypto_historical?select=close%2Ctimestamp&symbol=eq.SUI-USDT&timeframe=eq.1d&order=timestamp.desc&limit=370:0
[    2884ms] [ERROR] Failed to load resource: the server responded with a status of 400 () @ https://ymnlqggxeeyqvrojsrzh.supabase.co/rest/v1/crypto_historical?select=close%2Ctimestamp&symbol=eq.STRK-USDT&timeframe=eq.1d&order=timestamp.desc&limit=370:0
[    2930ms] [ERROR] Failed to load resource: the server responded with a status of 400 () @ https://ymnlqggxeeyqvrojsrzh.supabase.co/rest/v1/crypto_historical?select=close%2Ctimestamp&symbol=eq.SOL-USDT&timeframe=eq.1d&order=timestamp.desc&limit=370:0
[    2947ms] [ERROR] Failed to load resource: the server responded with a status of 400 () @ https://ymnlqggxeeyqvrojsrzh.supabase.co/rest/v1/crypto_historical?select=close%2Ctimestamp&symbol=eq.POL-USD&timeframe=eq.1h&order=timestamp.desc&limit=720:0
[    2950ms] [ERROR] Failed to load resource: the server responded with a status of 400 () @ https://ymnlqggxeeyqvrojsrzh.supabase.co/rest/v1/crypto_historical?select=close%2Ctimestamp&symbol=eq.SUI-USD&timeframe=eq.1h&order=timestamp.desc&limit=720:0
[    2953ms] [ERROR] Failed to load resource: the server responded with a status of 400 () @ https://ymnlqggxeeyqvrojsrzh.supabase.co/rest/v1/crypto_historical?select=close%2Ctimestamp&symbol=eq.STRK-USD&timeframe=eq.1h&order=timestamp.desc&limit=720:0
[    2977ms] [ERROR] Failed to load resource: the server responded with a status of 400 () @ https://ymnlqggxeeyqvrojsrzh.supabase.co/rest/v1/crypto_historical?select=close%2Ctimestamp&symbol=eq.SEI-USDT&timeframe=eq.1d&order=timestamp.desc&limit=370:0
[    2987ms] [ERROR] Failed to load resource: the server responded with a status of 400 () @ https://ymnlqggxeeyqvrojsrzh.supabase.co/rest/v1/crypto_historical?select=close%2Ctimestamp&symbol=eq.OP-USD&timeframe=eq.1h&order=timestamp.desc&limit=720:0
[    3011ms] [ERROR] Failed to load resource: the server responded with a status of 400 () @ https://ymnlqggxeeyqvrojsrzh.supabase.co/rest/v1/crypto_historical?select=close%2Ctimestamp&symbol=eq.SOL-USD&timeframe=eq.1h&order=timestamp.desc&limit=720:0
[    3028ms] [ERROR] Failed to load resource: the server responded with a status of 400 () @ https://ymnlqggxeeyqvrojsrzh.supabase.co/rest/v1/crypto_historical?select=close%2Ctimestamp&symbol=eq.POL-USDT&timeframe=eq.1h&order=timestamp.desc&limit=720:0
[    3028ms] [ERROR] Failed to load resource: the server responded with a status of 400 () @ https://ymnlqggxeeyqvrojsrzh.supabase.co/rest/v1/crypto_historical?select=close%2Ctimestamp&symbol=eq.SUI-USDT&timeframe=eq.1h&order=timestamp.desc&limit=720:0
[    3031ms] [ERROR] Failed to load resource: the server responded with a status of 400 () @ https://ymnlqggxeeyqvrojsrzh.supabase.co/rest/v1/crypto_historical?select=close%2Ctimestamp&symbol=eq.STRK-USDT&timeframe=eq.1h&order=timestamp.desc&limit=720:0
[    3044ms] [ERROR] Failed to load resource: the server responded with a status of 400 () @ https://ymnlqggxeeyqvrojsrzh.supabase.co/rest/v1/crypto_historical?select=close%2Ctimestamp&symbol=eq.SEI-USD&timeframe=eq.1h&order=timestamp.desc&limit=720:0
[    3102ms] [ERROR] Failed to load resource: the server responded with a status of 400 () @ https://ymnlqggxeeyqvrojsrzh.supabase.co/rest/v1/crypto_historical?select=close%2Ctimestamp&symbol=eq.SUI-USD&timeframe=eq.4h&order=timestamp.desc&limit=180:0
[    3103ms] [ERROR] Failed to load resource: the server responded with a status of 400 () @ https://ymnlqggxeeyqvrojsrzh.supabase.co/rest/v1/crypto_historical?select=close%2Ctimestamp&symbol=eq.OP-USDT&timeframe=eq.1h&order=timestamp.desc&limit=720:0
[    3104ms] [ERROR] Failed to load resource: the server responded with a status of 400 () @ https://ymnlqggxeeyqvrojsrzh.supabase.co/rest/v1/crypto_historical?select=close%2Ctimestamp&symbol=eq.POL-USD&timeframe=eq.4h&order=timestamp.desc&limit=180:0
[    3106ms] [ERROR] Failed to load resource: the server responded with a status of 400 () @ https://ymnlqggxeeyqvrojsrzh.supabase.co/rest/v1/crypto_historical?select=close%2Ctimestamp&symbol=eq.STRK-USD&timeframe=eq.4h&order=timestamp.desc&limit=180:0
[    3116ms] [ERROR] Failed to load resource: the server responded with a status of 400 () @ https://ymnlqggxeeyqvrojsrzh.supabase.co/rest/v1/crypto_historical?select=close%2Ctimestamp&symbol=eq.SEI-USDT&timeframe=eq.1h&order=timestamp.desc&limit=720:0
[    3125ms] [ERROR] Failed to load resource: the server responded with a status of 400 () @ https://ymnlqggxeeyqvrojsrzh.supabase.co/rest/v1/crypto_historical?select=close%2Ctimestamp&symbol=eq.SOL-USDT&timeframe=eq.1h&order=timestamp.desc&limit=720:0
[    3174ms] [ERROR] Failed to load resource: the server responded with a status of 400 () @ https://ymnlqggxeeyqvrojsrzh.supabase.co/rest/v1/crypto_historical?select=close%2Ctimestamp&symbol=eq.SUI-USDT&timeframe=eq.4h&order=timestamp.desc&limit=180:0
[    3175ms] [ERROR] Failed to load resource: the server responded with a status of 400 () @ https://ymnlqggxeeyqvrojsrzh.supabase.co/rest/v1/crypto_historical?select=close%2Ctimestamp&symbol=eq.OP-USD&timeframe=eq.4h&order=timestamp.desc&limit=180:0
[    3177ms] [ERROR] Failed to load resource: the server responded with a status of 400 () @ https://ymnlqggxeeyqvrojsrzh.supabase.co/rest/v1/crypto_historical?select=close%2Ctimestamp&symbol=eq.STRK-USDT&timeframe=eq.4h&order=timestamp.desc&limit=180:0
[    3186ms] [ERROR] Failed to load resource: the server responded with a status of 400 () @ https://ymnlqggxeeyqvrojsrzh.supabase.co/rest/v1/crypto_historical?select=close%2Ctimestamp&symbol=eq.SEI-USD&timeframe=eq.4h&order=timestamp.desc&limit=180:0
[    3212ms] [ERROR] Failed to load resource: the server responded with a status of 400 () @ https://ymnlqggxeeyqvrojsrzh.supabase.co/rest/v1/crypto_historical?select=close%2Ctimestamp&symbol=eq.SOL-USD&timeframe=eq.4h&order=timestamp.desc&limit=180:0
[    3254ms] [ERROR] Failed to load resource: the server responded with a status of 400 () @ https://ymnlqggxeeyqvrojsrzh.supabase.co/rest/v1/crypto_historical?select=close%2Ctimestamp&symbol=eq.POL-USDT&timeframe=eq.4h&order=timestamp.desc&limit=180:0
[    3261ms] [ERROR] Failed to load resource: the server responded with a status of 400 () @ https://ymnlqggxeeyqvrojsrzh.supabase.co/rest/v1/crypto_historical?select=close%2Ctimestamp&symbol=eq.SEI-USDT&timeframe=eq.4h&order=timestamp.desc&limit=180:0
[    3279ms] [ERROR] Failed to load resource: the server responded with a status of 400 () @ https://ymnlqggxeeyqvrojsrzh.supabase.co/rest/v1/crypto_historical?select=close%2Ctimestamp&symbol=eq.SOL-USDT&timeframe=eq.4h&order=timestamp.desc&limit=180:0
[    3291ms] [ERROR] Failed to load resource: the server responded with a status of 400 () @ https://ymnlqggxeeyqvrojsrzh.supabase.co/rest/v1/crypto_historical?select=close%2Ctimestamp&symbol=eq.OP-USDT&timeframe=eq.4h&order=timestamp.desc&limit=180:0
[    3364ms] [ERROR] Failed to load resource: the server responded with a status of 400 () @ https://ymnlqggxeeyqvrojsrzh.supabase.co/rest/v1/crypto_historical?select=close%2Ctimestamp&symbol=eq.TIA-USD&timeframe=eq.1d&order=timestamp.desc&limit=370:0
[    3365ms] [ERROR] Failed to load resource: the server responded with a status of 400 () @ https://ymnlqggxeeyqvrojsrzh.supabase.co/rest/v1/crypto_historical?select=close%2Ctimestamp&symbol=eq.TRX-USD&timeframe=eq.1d&order=timestamp.desc&limit=370:0
[    3367ms] [ERROR] Failed to load resource: the server responded with a status of 400 () @ https://ymnlqggxeeyqvrojsrzh.supabase.co/rest/v1/crypto_historical?select=close%2Ctimestamp&symbol=eq.UNI-USD&timeframe=eq.1d&order=timestamp.desc&limit=370:0
[    3368ms] [ERROR] Failed to load resource: the server responded with a status of 400 () @ https://ymnlqggxeeyqvrojsrzh.supabase.co/rest/v1/crypto_historical?select=close%2Ctimestamp&symbol=eq.XLM-USD&timeframe=eq.1d&order=timestamp.desc&limit=370:0
[    3408ms] [ERROR] Failed to load resource: the server responded with a status of 400 () @ https://ymnlqggxeeyqvrojsrzh.supabase.co/rest/v1/crypto_historical?select=close%2Ctimestamp&symbol=eq.XRP-USD&timeframe=eq.1d&order=timestamp.desc&limit=370:0
[    3438ms] [ERROR] Failed to load resource: the server responded with a status of 400 () @ https://ymnlqggxeeyqvrojsrzh.supabase.co/rest/v1/crypto_historical?select=close%2Ctimestamp&symbol=eq.TIA-USDT&timeframe=eq.1d&order=timestamp.desc&limit=370:0
[    3444ms] [ERROR] Failed to load resource: the server responded with a status of 400 () @ https://ymnlqggxeeyqvrojsrzh.supabase.co/rest/v1/crypto_historical?select=close%2Ctimestamp&symbol=eq.TRX-USDT&timeframe=eq.1d&order=timestamp.desc&limit=370:0
[    3445ms] [ERROR] Failed to load resource: the server responded with a status of 400 () @ https://ymnlqggxeeyqvrojsrzh.supabase.co/rest/v1/crypto_historical?select=close%2Ctimestamp&symbol=eq.UNI-USDT&timeframe=eq.1d&order=timestamp.desc&limit=370:0
[    3486ms] [ERROR] Failed to load resource: the server responded with a status of 400 () @ https://ymnlqggxeeyqvrojsrzh.supabase.co/rest/v1/crypto_historical?select=close%2Ctimestamp&symbol=eq.XRP-USDT&timeframe=eq.1d&order=timestamp.desc&limit=370:0
[    3489ms] [ERROR] Failed to load resource: the server responded with a status of 400 () @ https://ymnlqggxeeyqvrojsrzh.supabase.co/rest/v1/crypto_historical?select=close%2Ctimestamp&symbol=eq.XLM-USDT&timeframe=eq.1d&order=timestamp.desc&limit=370:0
[    3520ms] [ERROR] Failed to load resource: the server responded with a status of 400 () @ https://ymnlqggxeeyqvrojsrzh.supabase.co/rest/v1/crypto_historical?select=close%2Ctimestamp&symbol=eq.TIA-USD&timeframe=eq.1h&order=timestamp.desc&limit=720:0
[    3534ms] [ERROR] Failed to load resource: the server responded with a status of 400 () @ https://ymnlqggxeeyqvrojsrzh.supabase.co/rest/v1/crypto_historical?select=close%2Ctimestamp&symbol=eq.UNI-USD&timeframe=eq.1h&order=timestamp.desc&limit=720:0
[    3564ms] [ERROR] Failed to load resource: the server responded with a status of 400 () @ https://ymnlqggxeeyqvrojsrzh.supabase.co/rest/v1/crypto_historical?select=close%2Ctimestamp&symbol=eq.XRP-USD&timeframe=eq.1h&order=timestamp.desc&limit=720:0
[    3566ms] [ERROR] Failed to load resource: the server responded with a status of 400 () @ https://ymnlqggxeeyqvrojsrzh.supabase.co/rest/v1/crypto_historical?select=close%2Ctimestamp&symbol=eq.XLM-USD&timeframe=eq.1h&order=timestamp.desc&limit=720:0
[    3576ms] [ERROR] Failed to load resource: the server responded with a status of 400 () @ https://ymnlqggxeeyqvrojsrzh.supabase.co/rest/v1/crypto_historical?select=close%2Ctimestamp&symbol=eq.TRX-USD&timeframe=eq.1h&order=timestamp.desc&limit=720:0
[    3589ms] [ERROR] Failed to load resource: the server responded with a status of 400 () @ https://ymnlqggxeeyqvrojsrzh.supabase.co/rest/v1/crypto_historical?select=close%2Ctimestamp&symbol=eq.TIA-USDT&timeframe=eq.1h&order=timestamp.desc&limit=720:0
[    3640ms] [ERROR] Failed to load resource: the server responded with a status of 400 () @ https://ymnlqggxeeyqvrojsrzh.supabase.co/rest/v1/crypto_historical?select=close%2Ctimestamp&symbol=eq.XRP-USDT&timeframe=eq.1h&order=timestamp.desc&limit=720:0
[    3641ms] [ERROR] Failed to load resource: the server responded with a status of 400 () @ https://ymnlqggxeeyqvrojsrzh.supabase.co/rest/v1/crypto_historical?select=close%2Ctimestamp&symbol=eq.XLM-USDT&timeframe=eq.1h&order=timestamp.desc&limit=720:0
[    3647ms] [ERROR] Failed to load resource: the server responded with a status of 400 () @ https://ymnlqggxeeyqvrojsrzh.supabase.co/rest/v1/crypto_historical?select=close%2Ctimestamp&symbol=eq.UNI-USDT&timeframe=eq.1h&order=timestamp.desc&limit=720:0
[    3652ms] [ERROR] Failed to load resource: the server responded with a status of 400 () @ https://ymnlqggxeeyqvrojsrzh.supabase.co/rest/v1/crypto_historical?select=close%2Ctimestamp&symbol=eq.TRX-USDT&timeframe=eq.1h&order=timestamp.desc&limit=720:0
[    3663ms] [ERROR] Failed to load resource: the server responded with a status of 400 () @ https://ymnlqggxeeyqvrojsrzh.supabase.co/rest/v1/crypto_historical?select=close%2Ctimestamp&symbol=eq.TIA-USD&timeframe=eq.4h&order=timestamp.desc&limit=180:0
[    3719ms] [ERROR] Failed to load resource: the server responded with a status of 400 () @ https://ymnlqggxeeyqvrojsrzh.supabase.co/rest/v1/crypto_historical?select=close%2Ctimestamp&symbol=eq.XLM-USD&timeframe=eq.4h&order=timestamp.desc&limit=180:0
[    3722ms] [ERROR] Failed to load resource: the server responded with a status of 400 () @ https://ymnlqggxeeyqvrojsrzh.supabase.co/rest/v1/crypto_historical?select=close%2Ctimestamp&symbol=eq.UNI-USD&timeframe=eq.4h&order=timestamp.desc&limit=180:0
[    3727ms] [ERROR] Failed to load resource: the server responded with a status of 400 () @ https://ymnlqggxeeyqvrojsrzh.supabase.co/rest/v1/crypto_historical?select=close%2Ctimestamp&symbol=eq.TRX-USD&timeframe=eq.4h&order=timestamp.desc&limit=180:0
[    3761ms] [ERROR] Failed to load resource: the server responded with a status of 400 () @ https://ymnlqggxeeyqvrojsrzh.supabase.co/rest/v1/crypto_historical?select=close%2Ctimestamp&symbol=eq.XRP-USD&timeframe=eq.4h&order=timestamp.desc&limit=180:0
[    3776ms] [ERROR] Failed to load resource: the server responded with a status of 400 () @ https://ymnlqggxeeyqvrojsrzh.supabase.co/rest/v1/crypto_historical?select=close%2Ctimestamp&symbol=eq.TIA-USDT&timeframe=eq.4h&order=timestamp.desc&limit=180:0
[    3796ms] [ERROR] Failed to load resource: the server responded with a status of 400 () @ https://ymnlqggxeeyqvrojsrzh.supabase.co/rest/v1/crypto_historical?select=close%2Ctimestamp&symbol=eq.XLM-USDT&timeframe=eq.4h&order=timestamp.desc&limit=180:0
[    3810ms] [ERROR] Failed to load resource: the server responded with a status of 400 () @ https://ymnlqggxeeyqvrojsrzh.supabase.co/rest/v1/crypto_historical?select=close%2Ctimestamp&symbol=eq.UNI-USDT&timeframe=eq.4h&order=timestamp.desc&limit=180:0
[    3812ms] [ERROR] Failed to load resource: the server responded with a status of 400 () @ https://ymnlqggxeeyqvrojsrzh.supabase.co/rest/v1/crypto_historical?select=close%2Ctimestamp&symbol=eq.TRX-USDT&timeframe=eq.4h&order=timestamp.desc&limit=180:0
[    3830ms] [ERROR] Failed to load resource: the server responded with a status of 400 () @ https://ymnlqggxeeyqvrojsrzh.supabase.co/rest/v1/crypto_historical?select=close%2Ctimestamp&symbol=eq.XRP-USDT&timeframe=eq.4h&order=timestamp.desc&limit=180:0
